
============================================================
Step 39: Environment Slope Decomposition
============================================================
/Users/matthewsmawfield/opt/miniconda3/lib/python3.13/site-packages/numpy/linalg/_linalg.py:3437: RuntimeWarning: divide by zero encountered in matmul
  return _core_matmul(x1, x2)
/Users/matthewsmawfield/opt/miniconda3/lib/python3.13/site-packages/numpy/linalg/_linalg.py:3437: RuntimeWarning: overflow encountered in matmul
  return _core_matmul(x1, x2)
/Users/matthewsmawfield/opt/miniconda3/lib/python3.13/site-packages/numpy/linalg/_linalg.py:3437: RuntimeWarning: invalid value encountered in matmul
  return _core_matmul(x1, x2)
[INFO] Computed 40 calibrator hosts
[INFO] Primary sample (complete R22 positive-redshift set): 37 hosts

============================================================
sigma_v = 150 km/s
============================================================
[INFO]   Gamma_X = 3.906e+07 +/- 1.389e+07 (2.8σ)
[INFO]   H_app = 68.44, kappa_equiv = 1.239e+06 +/- 4.456e+05 (2.8σ)
[INFO]   Delta_Gamma_canonical = 8.808e+06

============================================================
sigma_v = 182.1 km/s
============================================================
[INFO]   Gamma_X = 3.906e+07 +/- 1.389e+07 (2.8σ)
[INFO]   H_app = 68.44, kappa_equiv = 1.239e+06 +/- 4.456e+05 (2.8σ)
[INFO]   Delta_Gamma_canonical = 8.808e+06

============================================================
sigma_v = 250 km/s
============================================================
[INFO]   Gamma_X = 3.846e+07 +/- 1.653e+07 (2.3σ)
[INFO]   H_app = 68.42, kappa_equiv = 1.220e+06 +/- 5.310e+05 (2.3σ)
[INFO]   Delta_Gamma_canonical = 8.206e+06

============================================================
sigma_v = 500 km/s
============================================================
[INFO]   Gamma_X = 3.820e+07 +/- 3.000e+07 (1.3σ)
[INFO]   H_app = 68.27, kappa_equiv = 1.215e+06 +/- 9.674e+05 (1.3σ)
[INFO]   Delta_Gamma_canonical = 8.022e+06

============================================================
Redshift cut sensitivity
============================================================
[INFO]   z >= 0.0035: N=30
[INFO]   z >= 0.005: N=24
[INFO]   z >= 0.0075: N=14

============================================================
Statistical tests (primary, sigma_v=250)
============================================================
[INFO]   Permutation test (N=5000)...
[INFO]     permutation p = 0.0330, gamma_true = 3.846e+07
[INFO]   Bootstrap (N=1000)...
[INFO]     Gamma_X = 4.440e+07 +/- 1.883e+07, 95% CI [2.375e+07, 1.060e+08], frac_positive=0.998
[INFO]   LOHO sign stability...
[INFO]     Gamma_X = 3.860e+07 +/- 1.992e+06, positive in 37/37

============================================================
Host-Mass Decoupling & Mass-Step Marginalization
============================================================
[INFO] Decorrelation check: r(sigma, M*) = 0.620 (p = 4.21e-05), r(sigma^2, M*) = 0.625 (p = 3.57e-05)
[INFO] TEP screened potential: r(X_TEP, M*) = 0.123 (p = 0.4672), rho(X_TEP, M*) = 0.209 (p = 0.2147)
[INFO] TEP vs SN Ia Mass Step: r(X_TEP, Step_10) = 0.151 (p = 0.3739), rho(X_TEP, Step_10) = 0.083 (p = 0.6250)
[INFO]   sigma_v = 150.0 km/s: Standalone Gamma_X = +3.906e+07 (2.79σ)
[INFO]     Joint w/ Mass Step: Gamma_X = +3.730e+07 (2.64σ, retention 95.5%), Step = +1.77 (0.68σ)
[INFO]     Joint w/ log M*:    Gamma_X = +3.492e+07 (2.57σ, retention 89.4%), Mass = +3.27 (2.11σ)
[INFO]     Mass-Step Resid:    Gamma_X = +3.817e+07 (2.68σ)
[INFO]     Continuous Resid:   Gamma_X = +3.599e+07 (2.54σ)
[INFO]   sigma_v = 182.1 km/s: Standalone Gamma_X = +3.906e+07 (2.79σ)
[INFO]     Joint w/ Mass Step: Gamma_X = +3.730e+07 (2.64σ, retention 95.5%), Step = +1.77 (0.68σ)
[INFO]     Joint w/ log M*:    Gamma_X = +3.492e+07 (2.57σ, retention 89.4%), Mass = +3.27 (2.11σ)
[INFO]     Mass-Step Resid:    Gamma_X = +3.817e+07 (2.68σ)
[INFO]     Continuous Resid:   Gamma_X = +3.599e+07 (2.54σ)
[INFO]   sigma_v = 250.0 km/s: Standalone Gamma_X = +3.846e+07 (2.38σ)
[INFO]     Joint w/ Mass Step: Gamma_X = +3.695e+07 (2.23σ, retention 96.1%), Step = +1.50 (0.46σ)
[INFO]     Joint w/ log M*:    Gamma_X = +3.397e+07 (2.06σ, retention 88.3%), Mass = +3.30 (1.67σ)
[INFO]     Mass-Step Resid:    Gamma_X = +3.787e+07 (2.31σ)
[INFO]     Continuous Resid:   Gamma_X = +3.568e+07 (2.19σ)
[SUCCESS] Saved mass marginalization CSV to /Users/matthewsmawfield/www/Temporal Equivalence Principle/TEP-H0/results/outputs/step_39_host_mass_marginalization.csv
[SUCCESS] Saved mass marginalization JSON to /Users/matthewsmawfield/www/Temporal Equivalence Principle/TEP-H0/results/outputs/step_39_host_mass_marginalization.json

============================================================
Summary: identifiable environmental slope
============================================================
    sample sig_v  z_cut   N        Gamma_X   sig  kappa_equiv ke_sig       dG_canon
----------------------------------------------------------------------------------------------------
all_r22_hosts   150 0.0000  37     +3.906e+07   2.8   +1.239e+06    2.8     +8.808e+06
all_r22_hosts   182 0.0000  37     +3.906e+07   2.8   +1.239e+06    2.8     +8.808e+06
all_r22_hosts   250 0.0000  37     +3.846e+07   2.3   +1.220e+06    2.3     +8.206e+06
all_r22_hosts   500 0.0000  37     +3.820e+07   1.3   +1.215e+06    1.3     +8.022e+06
  z_hd_cut   250 0.0035  30     +2.926e+07   1.7   +9.118e+05    1.7     -1.546e+06
  z_hd_cut   250 0.0050  24     +2.640e+07   1.5   +8.110e+05    1.5     -4.851e+06
  z_hd_cut   250 0.0075  14     +2.303e+07   1.2   +6.982e+05    1.2     -8.633e+06
[SUCCESS] Saved CSV to /Users/matthewsmawfield/www/Temporal Equivalence Principle/TEP-H0/results/outputs/step_39_environment_slope_decomposition.csv
[SUCCESS] Saved JSON to /Users/matthewsmawfield/www/Temporal Equivalence Principle/TEP-H0/results/outputs/step_39_environment_slope_decomposition.json
[SUCCESS] Saved test results to /Users/matthewsmawfield/www/Temporal Equivalence Principle/TEP-H0/results/outputs/step_39_statistical_tests.json
