[0;37m[01:45:40] [INFO] [0m
[0;37m[01:45:40] [INFO] ================================================================================[0m
[0;37m[01:45:40] [INFO]    Starting Step 4: Robustness Checks[0m
[0;37m[01:45:40] [INFO] ================================================================================[0m
[0;37m[01:45:40] [INFO] [0m
[0;37m[01:45:40] [INFO] Initiating Jackknife Analysis...[0m
[0;37m[01:45:40] [INFO] Loaded 37 hosts for Jackknife stability test.[0m
/Users/matthewsmawfield/www/Temporal Equivalence Principle/TEP-H0/scripts/steps/step_08_robustness_checks.py:146: RuntimeWarning: divide by zero encountered in matmul
  XtCi = X_scaled.T @ cov_inv
/Users/matthewsmawfield/www/Temporal Equivalence Principle/TEP-H0/scripts/steps/step_08_robustness_checks.py:146: RuntimeWarning: overflow encountered in matmul
  XtCi = X_scaled.T @ cov_inv
/Users/matthewsmawfield/www/Temporal Equivalence Principle/TEP-H0/scripts/steps/step_08_robustness_checks.py:146: RuntimeWarning: invalid value encountered in matmul
  XtCi = X_scaled.T @ cov_inv
/Users/matthewsmawfield/www/Temporal Equivalence Principle/TEP-H0/scripts/steps/step_08_robustness_checks.py:306: RuntimeWarning: divide by zero encountered in matmul
  XWX_scaled = X_scaled.T @ W @ X_scaled
/Users/matthewsmawfield/www/Temporal Equivalence Principle/TEP-H0/scripts/steps/step_08_robustness_checks.py:306: RuntimeWarning: overflow encountered in matmul
  XWX_scaled = X_scaled.T @ W @ X_scaled
/Users/matthewsmawfield/www/Temporal Equivalence Principle/TEP-H0/scripts/steps/step_08_robustness_checks.py:306: RuntimeWarning: invalid value encountered in matmul
  XWX_scaled = X_scaled.T @ W @ X_scaled
/Users/matthewsmawfield/www/Temporal Equivalence Principle/TEP-H0/scripts/steps/step_08_robustness_checks.py:307: RuntimeWarning: divide by zero encountered in matmul
  XWy_scaled = X_scaled.T @ W @ y
/Users/matthewsmawfield/www/Temporal Equivalence Principle/TEP-H0/scripts/steps/step_08_robustness_checks.py:307: RuntimeWarning: overflow encountered in matmul
  XWy_scaled = X_scaled.T @ W @ y
/Users/matthewsmawfield/www/Temporal Equivalence Principle/TEP-H0/scripts/steps/step_08_robustness_checks.py:307: RuntimeWarning: invalid value encountered in matmul
  XWy_scaled = X_scaled.T @ W @ y
/Users/matthewsmawfield/www/Temporal Equivalence Principle/TEP-H0/scripts/steps/step_08_robustness_checks.py:146: RuntimeWarning: divide by zero encountered in matmul
  XtCi = X_scaled.T @ cov_inv
/Users/matthewsmawfield/www/Temporal Equivalence Principle/TEP-H0/scripts/steps/step_08_robustness_checks.py:146: RuntimeWarning: overflow encountered in matmul
  XtCi = X_scaled.T @ cov_inv
/Users/matthewsmawfield/www/Temporal Equivalence Principle/TEP-H0/scripts/steps/step_08_robustness_checks.py:146: RuntimeWarning: invalid value encountered in matmul
  XtCi = X_scaled.T @ cov_inv
/Users/matthewsmawfield/www/Temporal Equivalence Principle/TEP-H0/scripts/steps/step_08_robustness_checks.py:359: RuntimeWarning: divide by zero encountered in matmul
  chi2_null_gls = float(resid0_gls @ cov_inv @ resid0_gls)
/Users/matthewsmawfield/www/Temporal Equivalence Principle/TEP-H0/scripts/steps/step_08_robustness_checks.py:359: RuntimeWarning: overflow encountered in matmul
  chi2_null_gls = float(resid0_gls @ cov_inv @ resid0_gls)
/Users/matthewsmawfield/www/Temporal Equivalence Principle/TEP-H0/scripts/steps/step_08_robustness_checks.py:359: RuntimeWarning: invalid value encountered in matmul
  chi2_null_gls = float(resid0_gls @ cov_inv @ resid0_gls)
/Users/matthewsmawfield/www/Temporal Equivalence Principle/TEP-H0/scripts/steps/step_08_robustness_checks.py:361: RuntimeWarning: divide by zero encountered in matmul
  chi2_tep_gls = float(resid_tep_gls @ cov_inv @ resid_tep_gls)
/Users/matthewsmawfield/www/Temporal Equivalence Principle/TEP-H0/scripts/steps/step_08_robustness_checks.py:361: RuntimeWarning: overflow encountered in matmul
  chi2_tep_gls = float(resid_tep_gls @ cov_inv @ resid_tep_gls)
/Users/matthewsmawfield/www/Temporal Equivalence Principle/TEP-H0/scripts/steps/step_08_robustness_checks.py:361: RuntimeWarning: invalid value encountered in matmul
  chi2_tep_gls = float(resid_tep_gls @ cov_inv @ resid_tep_gls)
/Users/matthewsmawfield/www/Temporal Equivalence Principle/TEP-H0/scripts/steps/step_08_robustness_checks.py:384: RuntimeWarning: divide by zero encountered in matmul
  denom = float(ones @ cov_inv @ ones)
/Users/matthewsmawfield/www/Temporal Equivalence Principle/TEP-H0/scripts/steps/step_08_robustness_checks.py:384: RuntimeWarning: overflow encountered in matmul
  denom = float(ones @ cov_inv @ ones)
/Users/matthewsmawfield/www/Temporal Equivalence Principle/TEP-H0/scripts/steps/step_08_robustness_checks.py:384: RuntimeWarning: invalid value encountered in matmul
  denom = float(ones @ cov_inv @ ones)
/Users/matthewsmawfield/www/Temporal Equivalence Principle/TEP-H0/scripts/steps/step_08_robustness_checks.py:385: RuntimeWarning: divide by zero encountered in matmul
  Pmat = np.eye(n) - np.outer(ones, ones @ cov_inv) / denom
/Users/matthewsmawfield/www/Temporal Equivalence Principle/TEP-H0/scripts/steps/step_08_robustness_checks.py:385: RuntimeWarning: overflow encountered in matmul
  Pmat = np.eye(n) - np.outer(ones, ones @ cov_inv) / denom
/Users/matthewsmawfield/www/Temporal Equivalence Principle/TEP-H0/scripts/steps/step_08_robustness_checks.py:385: RuntimeWarning: invalid value encountered in matmul
  Pmat = np.eye(n) - np.outer(ones, ones @ cov_inv) / denom
/Users/matthewsmawfield/www/Temporal Equivalence Principle/TEP-H0/scripts/steps/step_08_robustness_checks.py:387: RuntimeWarning: divide by zero encountered in matmul
  y_proj = Pmat @ y
/Users/matthewsmawfield/www/Temporal Equivalence Principle/TEP-H0/scripts/steps/step_08_robustness_checks.py:387: RuntimeWarning: overflow encountered in matmul
  y_proj = Pmat @ y
/Users/matthewsmawfield/www/Temporal Equivalence Principle/TEP-H0/scripts/steps/step_08_robustness_checks.py:387: RuntimeWarning: invalid value encountered in matmul
  y_proj = Pmat @ y
/Users/matthewsmawfield/www/Temporal Equivalence Principle/TEP-H0/scripts/steps/step_08_robustness_checks.py:388: RuntimeWarning: divide by zero encountered in matmul
  x_proj = Pmat @ x
/Users/matthewsmawfield/www/Temporal Equivalence Principle/TEP-H0/scripts/steps/step_08_robustness_checks.py:388: RuntimeWarning: overflow encountered in matmul
  x_proj = Pmat @ x
/Users/matthewsmawfield/www/Temporal Equivalence Principle/TEP-H0/scripts/steps/step_08_robustness_checks.py:388: RuntimeWarning: invalid value encountered in matmul
  x_proj = Pmat @ x
/Users/matthewsmawfield/www/Temporal Equivalence Principle/TEP-H0/scripts/steps/step_08_robustness_checks.py:391: RuntimeWarning: divide by zero encountered in matmul
  chi2_null_proj = float(y_proj @ cov_inv @ y_proj)
/Users/matthewsmawfield/www/Temporal Equivalence Principle/TEP-H0/scripts/steps/step_08_robustness_checks.py:391: RuntimeWarning: overflow encountered in matmul
  chi2_null_proj = float(y_proj @ cov_inv @ y_proj)
/Users/matthewsmawfield/www/Temporal Equivalence Principle/TEP-H0/scripts/steps/step_08_robustness_checks.py:391: RuntimeWarning: invalid value encountered in matmul
  chi2_null_proj = float(y_proj @ cov_inv @ y_proj)
/Users/matthewsmawfield/www/Temporal Equivalence Principle/TEP-H0/scripts/steps/step_08_robustness_checks.py:394: RuntimeWarning: divide by zero encountered in matmul
  xPx = float(x_proj @ cov_inv @ x_proj)
/Users/matthewsmawfield/www/Temporal Equivalence Principle/TEP-H0/scripts/steps/step_08_robustness_checks.py:394: RuntimeWarning: overflow encountered in matmul
  xPx = float(x_proj @ cov_inv @ x_proj)
/Users/matthewsmawfield/www/Temporal Equivalence Principle/TEP-H0/scripts/steps/step_08_robustness_checks.py:394: RuntimeWarning: invalid value encountered in matmul
  xPx = float(x_proj @ cov_inv @ x_proj)
/Users/matthewsmawfield/www/Temporal Equivalence Principle/TEP-H0/scripts/steps/step_08_robustness_checks.py:395: RuntimeWarning: divide by zero encountered in matmul
  xPy = float(x_proj @ cov_inv @ y_proj)
/Users/matthewsmawfield/www/Temporal Equivalence Principle/TEP-H0/scripts/steps/step_08_robustness_checks.py:395: RuntimeWarning: overflow encountered in matmul
  xPy = float(x_proj @ cov_inv @ y_proj)
/Users/matthewsmawfield/www/Temporal Equivalence Principle/TEP-H0/scripts/steps/step_08_robustness_checks.py:395: RuntimeWarning: invalid value encountered in matmul
  xPy = float(x_proj @ cov_inv @ y_proj)
[0;37m[01:45:52] [INFO] Bayesian Model Comparison[0m
[0;37m[01:45:52] [INFO] Model Comparison[0m
[0;37m[01:45:52] [INFO] +------------------------------------+----------+---------+------+----------------------------------+[0m
[0;37m[01:45:52] [INFO] | Likelihood                         | Null BIC | TEP BIC | ΔBIC | Interpretation                   |[0m
[0;37m[01:45:52] [INFO] +------------------------------------+----------+---------+------+----------------------------------+[0m
[0;37m[01:45:52] [INFO] | diagonal host scatter              | 32.8     | 30.6    | 2.1  | exploratory / host scatter       |[0m
[0;37m[01:45:52] [INFO] | full covariance GLS slope          | 32.8     | 30.7    | 2.1  | free intercept; matches contrast |[0m
[0;37m[01:45:52] [INFO] | projected host-contrast covariance | 32.8     | 30.7    | 2.1  | primary environmental evidence   |[0m
[0;37m[01:45:52] [INFO] +------------------------------------+----------+---------+------+----------------------------------+[0m
[0;37m[01:45:52] [INFO] Projected Δχ² = 5.69; ΔBIC = 2.08 (headline)[0m
[0;37m[01:45:52] [INFO] WLS-implied κ_Cep = 1.246e+06 mag (Step 3 fitted 3.374e+06)[0m
[0;37m[01:45:52] [INFO] Correlation Tests (H0 vs Sigma)[0m
[0;37m[01:45:52] [INFO] +------------------+-----------+----------+----------------------------+[0m
[0;37m[01:45:52] [INFO] | Test             | Statistic | p-value  | Interpretation             |[0m
[0;37m[01:45:52] [INFO] +------------------+-----------+----------+----------------------------+[0m
[0;37m[01:45:52] [INFO] | Pearson r        | 0.5009    | 0.0016   | Parametric                 |[0m
[0;37m[01:45:52] [INFO] | Spearman ρ       | 0.5527    | 0.0004   | Non-parametric (rank)      |[0m
[0;37m[01:45:52] [INFO] | Bootstrap p      | -         | 0.0017   | Permutation (N=10000)      |[0m
[0;37m[01:45:52] [INFO] | GLS slope        | 2.803     | 0.0082   | Covariance-aware Wald test |[0m
[0;37m[01:45:52] [INFO] | Pearson p (cov)  | 0.5009    | 0.0003   | Parametric MVN null        |[0m
[0;37m[01:45:52] [INFO] | Spearman p (cov) | 0.5527    | 0.0003   | Parametric MVN null        |[0m
[0;37m[01:45:52] [INFO] | Bayes factor     | 2.9       | ΔBIC=2.1 | positive evidence for TEP  |[0m
[0;37m[01:45:52] [INFO] +------------------+-----------+----------+----------------------------+[0m
[1;32m[01:45:52] [SUCCESS] Saved covariance-aware results to /Users/matthewsmawfield/www/Temporal Equivalence Principle/TEP-H0/results/outputs/step_08_covariance_robustness.json[0m
[1;32m[01:45:52] [SUCCESS] Bootstrap p = 0.0017 < 0.01: Correlation is highly significant.[0m
[0;37m[01:45:52] [INFO] Jackknife Range: r in [0.4640, 0.5313][0m
[1;32m[01:45:52] [SUCCESS] Conclusion: correlation is robust. No single host drives the trend.[0m
[0;37m[01:45:52] [INFO] Most Influential Hosts (Supports Trend)[0m
[0;37m[01:45:52] [INFO] +----------+-------------+---------+[0m
[0;37m[01:45:52] [INFO] | Host     | r (without) | Delta r |[0m
[0;37m[01:45:52] [INFO] +----------+-------------+---------+[0m
[0;37m[01:45:52] [INFO] | M 101    | 0.4640      | -0.0370 |[0m
[0;37m[01:45:52] [INFO] | NGC 5728 | 0.4761      | -0.0248 |[0m
[0;37m[01:45:52] [INFO] | NGC 1365 | 0.4807      | -0.0203 |[0m
[0;37m[01:45:52] [INFO] +----------+-------------+---------+[0m
[0;34m[01:45:52] [PROCESS] Generating Jackknife influence plot...[0m
[0;37m[01:45:52] [INFO] Initiating Out-of-Sample Validation (kappa_cep)[0m
[0;37m[01:45:53] [INFO] Out-of-Sample Validation Summary[0m
[0;37m[01:45:53] [INFO] +------------+------------------------+---------------------------+[0m
[0;37m[01:45:53] [INFO] | Validation | Metric                 | Value                     |[0m
[0;37m[01:45:53] [INFO] +------------+------------------------+---------------------------+[0m
[0;37m[01:45:53] [INFO] | Baseline   | Slope dH0/dsigma       | 0.1133                    |[0m
[0;37m[01:45:53] [INFO] | Baseline   | Pearson r (p)          | 0.501 (0.0016)            |[0m
[0;37m[01:45:53] [INFO] | Baseline   | Spearman rho (p)       | 0.553 (0.0004)            |[0m
[0;37m[01:45:53] [INFO] | Train/Test | kappa_cep mean ± std   | 3878958.130 ± 2000017.487 |[0m
[0;37m[01:45:53] [INFO] | Train/Test | test slope median      | 0.0168                    |[0m
[0;37m[01:45:53] [INFO] | Train/Test | test |r| median        | 0.397                     |[0m
[0;37m[01:45:53] [INFO] | Train/Test | test H0 mean (median)  | 67.39                     |[0m
[0;37m[01:45:53] [INFO] | LOOCV      | kappa_cep mean ± std   | 3404698.387 ± 376307.931  |[0m
[0;37m[01:45:53] [INFO] | LOOCV      | pred slope dH0/dsigma  | -0.0182                   |[0m
[0;37m[01:45:53] [INFO] | LOOCV      | Pearson r (p)          | -0.075 (0.6595)           |[0m
[0;37m[01:45:53] [INFO] | LOOCV      | Spearman rho (p)       | 0.074 (0.6634)            |[0m
[0;37m[01:45:53] [INFO] | LOOCV      | H0 mean ± SEM          | 67.36 ± 1.70              |[0m
[0;37m[01:45:53] [INFO] | LOOCV      | Planck tension (sigma) | 0.02                      |[0m
[0;37m[01:45:53] [INFO] +------------+------------------------+---------------------------+[0m
[1;32m[01:45:53] [SUCCESS] Saved out-of-sample validation to /Users/matthewsmawfield/www/Temporal Equivalence Principle/TEP-H0/results/outputs/step_08_out_of_sample_validation.json[0m
[0;37m[01:45:53] [INFO] Initiating Bivariate Analysis...[0m
[0;37m[01:45:53] [INFO] Loaded 37 hosts for Bivariate Analysis.[0m
[0;37m[01:45:53] [INFO] Bivariate Analysis Results[0m
[0;37m[01:45:53] [INFO] +----------------------+------------------+-------------+---------+[0m
[0;37m[01:45:53] [INFO] | Relation             | Correlation Type | Coefficient | p-value |[0m
[0;37m[01:45:53] [INFO] +----------------------+------------------+-------------+---------+[0m
[0;37m[01:45:53] [INFO] | H0 vs Sigma          | Pearson (Raw)    | 0.501       | 0.0016  |[0m
[0;37m[01:45:53] [INFO] | H0 vs Metallicity    | Pearson (Raw)    | 0.300       | 0.0715  |[0m
[0;37m[01:45:53] [INFO] | Sigma vs Metallicity | Pearson (Raw)    | 0.620       | 0.0000  |[0m
[0;37m[01:45:53] [INFO] | H0 vs Sigma | Z      | Partial          | 0.421       | 0.0106  |[0m
[0;37m[01:45:53] [INFO] | H0 vs Z | Sigma      | Partial          | -0.016      | 0.9250  |[0m
[0;37m[01:45:53] [INFO] +----------------------+------------------+-------------+---------+[0m
[1;32m[01:45:53] [SUCCESS] Saved stats to /Users/matthewsmawfield/www/Temporal Equivalence Principle/TEP-H0/results/outputs/step_08_bivariate_stats.txt[0m
[1;32m[01:45:53] [SUCCESS] Saved bivariate plot to /Users/matthewsmawfield/www/Temporal Equivalence Principle/TEP-H0/results/figures/step_08_figure_02_bivariate_h0_sigma_metallicity.png[0m
[1;32m[01:45:53] [SUCCESS] Copied bivariate plot to /Users/matthewsmawfield/www/Temporal Equivalence Principle/TEP-H0/site/public/figures/step_08_figure_02_bivariate_h0_sigma_metallicity.png[0m
[0;37m[01:45:53] [INFO] Redshift Cut Sensitivity Scan...[0m
[0;37m[01:45:53] [INFO] Calculating Effective Calibrator Sigma...[0m
[0;37m[01:45:53] [INFO] Using SH0ES-motivated weights (based on P-L contribution).[0m
[0;37m[01:45:53] [INFO] Geometric Anchor Sample (S from Nmb formula)[0m
[0;37m[01:45:53] [INFO] +----------+--------------+-----+-------+--------+----------------------------+[0m
[0;37m[01:45:53] [INFO] | Anchor   | Sigma (km/s) | Nmb | S     | Weight | Description                |[0m
[0;37m[01:45:53] [INFO] +----------+--------------+-----+-------+--------+----------------------------+[0m
[0;37m[01:45:53] [INFO] | MW       | 30.0         | 7   | 0.605 | 0.20   | Milky Way Disk (Bovy+2012) |[0m
[0;37m[01:45:53] [INFO] | LMC      | 24.0         | 2   | 0.873 | 0.25   | LMC Disk (vdMarel+2002)    |[0m
[0;37m[01:45:53] [INFO] | NGC 4258 | 115.0        | 65  | 0.096 | 0.55   | NGC 4258 Disk (K&H2013)    |[0m
[0;37m[01:45:53] [INFO] +----------+--------------+-----+-------+--------+----------------------------+[0m
[1;32m[01:45:53] [SUCCESS] Standard Reference Sigma (σ_ref):       87.17 km/s[0m
[1;32m[01:45:53] [SUCCESS] Screened-Effective Sigma (σ_ref,scr):   30.51 km/s  (NGC 4258 contribution down-weighted by S=0.10)[0m
[0;37m[01:45:54] [INFO] Optimizing TEP Coupling (κ_Cep)...[0m
[0;37m[01:45:54] [INFO] Optimization converged: True[0m
[1;32m[01:45:54] [SUCCESS] Optimal Observable Response Coefficient (κ_Cep): 1.271e+06 mag[0m
[0;37m[01:45:54] [INFO] Mean effective coupling (κ_Cep·⟨S⟩): 1.271e+06[0m
[0;37m[01:45:54] [INFO] Applying Conformal Correction...[0m
[0;37m[01:45:54] [INFO] Sample Corrections (Suppression-Aware)[0m
[0;37m[01:45:54] [INFO] +----------+-------+--------+----------+------------+----------+[0m
[0;37m[01:45:54] [INFO] | Host     | Sigma | S(rho) | H0 (Raw) | Corr (mag) | H0 (TEP) |[0m
[0;37m[01:45:54] [INFO] +----------+-------+--------+----------+------------+----------+[0m
[0;37m[01:45:54] [INFO] | NGC 105  | 85.0  | 1.000  | 63.68    | -0.0053    | 63.83    |[0m
[0;37m[01:45:54] [INFO] | NGC 3583 | 108.0 | 1.000  | 71.09    | +0.0575    | 69.23    |[0m
[0;37m[01:45:54] [INFO] | NGC 5861 | 112.0 | 1.000  | 73.51    | +0.0699    | 71.18    |[0m
[0;37m[01:45:54] [INFO] | NGC 976  | 218.0 | 1.000  | 76.91    | +0.5644    | 59.31    |[0m
[0;37m[01:45:54] [INFO] | NGC 3147 | 238.0 | 1.000  | 77.93    | +0.6934    | 56.63    |[0m
[0;37m[01:45:54] [INFO] +----------+-------+--------+----------+------------+----------+[0m
[0;37m[01:45:54] [INFO] ------------------------------------------------------------[0m
[1;32m[01:45:54] [SUCCESS] UNIFIED H0 (Statistical): 65.80 +/- 1.41 km/s/Mpc[0m
[0;37m[01:45:54] [INFO] Note: This error (SEM) assumes κ_Cep is fixed/known perfectly.[0m
[0;37m[01:45:54] [INFO] ------------------------------------------------------------[0m
[0;37m[01:45:54] [INFO] Optimizing TEP Coupling (κ_Cep)...[0m
[0;37m[01:45:54] [INFO] Optimization converged: True[0m
[1;32m[01:45:54] [SUCCESS] Optimal Observable Response Coefficient (κ_Cep): 1.140e+06 mag[0m
[0;37m[01:45:54] [INFO] Mean effective coupling (κ_Cep·⟨S⟩): 1.140e+06[0m
[0;37m[01:45:54] [INFO] Optimizing TEP Coupling (κ_Cep)...[0m
[0;37m[01:45:54] [INFO] Optimization converged: True[0m
[1;32m[01:45:54] [SUCCESS] Optimal Observable Response Coefficient (κ_Cep): 1.277e+06 mag[0m
[0;37m[01:45:54] [INFO] Mean effective coupling (κ_Cep·⟨S⟩): 1.277e+06[0m
[0;37m[01:45:54] [INFO] Optimizing TEP Coupling (κ_Cep)...[0m
[0;37m[01:45:54] [INFO] Optimization converged: True[0m
[1;32m[01:45:54] [SUCCESS] Optimal Observable Response Coefficient (κ_Cep): 1.266e+06 mag[0m
[0;37m[01:45:54] [INFO] Mean effective coupling (κ_Cep·⟨S⟩): 1.266e+06[0m
[0;37m[01:45:54] [INFO] Optimizing TEP Coupling (κ_Cep)...[0m
[0;37m[01:45:54] [INFO] Optimization converged: True[0m
[1;32m[01:45:54] [SUCCESS] Optimal Observable Response Coefficient (κ_Cep): 1.263e+06 mag[0m
[0;37m[01:45:54] [INFO] Mean effective coupling (κ_Cep·⟨S⟩): 1.263e+06[0m
[0;37m[01:45:54] [INFO] Optimizing TEP Coupling (κ_Cep)...[0m
[0;37m[01:45:54] [INFO] Optimization converged: True[0m
[1;32m[01:45:54] [SUCCESS] Optimal Observable Response Coefficient (κ_Cep): 1.267e+06 mag[0m
[0;37m[01:45:54] [INFO] Mean effective coupling (κ_Cep·⟨S⟩): 1.267e+06[0m
[0;37m[01:45:54] [INFO] Optimizing TEP Coupling (κ_Cep)...[0m
[0;37m[01:45:54] [INFO] Optimization converged: True[0m
[1;32m[01:45:54] [SUCCESS] Optimal Observable Response Coefficient (κ_Cep): 1.275e+06 mag[0m
[0;37m[01:45:54] [INFO] Mean effective coupling (κ_Cep·⟨S⟩): 1.275e+06[0m
[0;37m[01:45:54] [INFO] Optimizing TEP Coupling (κ_Cep)...[0m
[0;37m[01:45:54] [INFO] Optimization converged: True[0m
[1;32m[01:45:54] [SUCCESS] Optimal Observable Response Coefficient (κ_Cep): 1.215e+06 mag[0m
[0;37m[01:45:54] [INFO] Mean effective coupling (κ_Cep·⟨S⟩): 1.215e+06[0m
[0;37m[01:45:54] [INFO] Optimizing TEP Coupling (κ_Cep)...[0m
[0;37m[01:45:54] [INFO] Optimization converged: True[0m
[1;32m[01:45:54] [SUCCESS] Optimal Observable Response Coefficient (κ_Cep): 1.260e+06 mag[0m
[0;37m[01:45:54] [INFO] Mean effective coupling (κ_Cep·⟨S⟩): 1.260e+06[0m
[0;37m[01:45:54] [INFO] Optimizing TEP Coupling (κ_Cep)...[0m
[0;37m[01:45:54] [INFO] Optimization converged: True[0m
[1;32m[01:45:54] [SUCCESS] Optimal Observable Response Coefficient (κ_Cep): 1.260e+06 mag[0m
[0;37m[01:45:54] [INFO] Mean effective coupling (κ_Cep·⟨S⟩): 1.260e+06[0m
[0;37m[01:45:54] [INFO] Optimizing TEP Coupling (κ_Cep)...[0m
[0;37m[01:45:54] [INFO] Optimization converged: True[0m
[1;32m[01:45:54] [SUCCESS] Optimal Observable Response Coefficient (κ_Cep): 1.245e+06 mag[0m
[0;37m[01:45:54] [INFO] Mean effective coupling (κ_Cep·⟨S⟩): 1.245e+06[0m
[0;37m[01:45:54] [INFO] Optimizing TEP Coupling (κ_Cep)...[0m
[0;37m[01:45:54] [INFO] Optimization converged: True[0m
[1;32m[01:45:54] [SUCCESS] Optimal Observable Response Coefficient (κ_Cep): 1.291e+06 mag[0m
[0;37m[01:45:54] [INFO] Mean effective coupling (κ_Cep·⟨S⟩): 1.291e+06[0m
[0;37m[01:45:54] [INFO] Optimizing TEP Coupling (κ_Cep)...[0m
[0;37m[01:45:54] [INFO] Optimization converged: True[0m
[1;32m[01:45:54] [SUCCESS] Optimal Observable Response Coefficient (κ_Cep): 1.295e+06 mag[0m
[0;37m[01:45:54] [INFO] Mean effective coupling (κ_Cep·⟨S⟩): 1.295e+06[0m
[0;37m[01:45:54] [INFO] Optimizing TEP Coupling (κ_Cep)...[0m
[0;37m[01:45:54] [INFO] Optimization converged: True[0m
[1;32m[01:45:54] [SUCCESS] Optimal Observable Response Coefficient (κ_Cep): 1.301e+06 mag[0m
[0;37m[01:45:54] [INFO] Mean effective coupling (κ_Cep·⟨S⟩): 1.301e+06[0m
[0;37m[01:45:54] [INFO] Optimizing TEP Coupling (κ_Cep)...[0m
[0;37m[01:45:54] [INFO] Optimization converged: True[0m
[1;32m[01:45:54] [SUCCESS] Optimal Observable Response Coefficient (κ_Cep): 1.639e+06 mag[0m
[0;37m[01:45:54] [INFO] Mean effective coupling (κ_Cep·⟨S⟩): 1.639e+06[0m
[0;37m[01:45:54] [INFO] Optimizing TEP Coupling (κ_Cep)...[0m
[0;37m[01:45:54] [INFO] Optimization converged: True[0m
[1;32m[01:45:54] [SUCCESS] Optimal Observable Response Coefficient (κ_Cep): 1.282e+06 mag[0m
[0;37m[01:45:54] [INFO] Mean effective coupling (κ_Cep·⟨S⟩): 1.282e+06[0m
[0;37m[01:45:54] [INFO] Optimizing TEP Coupling (κ_Cep)...[0m
[0;37m[01:45:54] [INFO] Optimization converged: True[0m
[1;32m[01:45:54] [SUCCESS] Optimal Observable Response Coefficient (κ_Cep): 1.272e+06 mag[0m
[0;37m[01:45:54] [INFO] Mean effective coupling (κ_Cep·⟨S⟩): 1.272e+06[0m
[0;37m[01:45:54] [INFO] Optimizing TEP Coupling (κ_Cep)...[0m
[0;37m[01:45:54] [INFO] Optimization converged: True[0m
[1;32m[01:45:54] [SUCCESS] Optimal Observable Response Coefficient (κ_Cep): 1.213e+06 mag[0m
[0;37m[01:45:54] [INFO] Mean effective coupling (κ_Cep·⟨S⟩): 1.213e+06[0m
[0;37m[01:45:54] [INFO] Optimizing TEP Coupling (κ_Cep)...[0m
[0;37m[01:45:54] [INFO] Optimization converged: True[0m
[1;32m[01:45:54] [SUCCESS] Optimal Observable Response Coefficient (κ_Cep): 1.265e+06 mag[0m
[0;37m[01:45:54] [INFO] Mean effective coupling (κ_Cep·⟨S⟩): 1.265e+06[0m
[0;37m[01:45:54] [INFO] Optimizing TEP Coupling (κ_Cep)...[0m
[0;37m[01:45:54] [INFO] Optimization converged: True[0m
[1;32m[01:45:54] [SUCCESS] Optimal Observable Response Coefficient (κ_Cep): 1.191e+06 mag[0m
[0;37m[01:45:54] [INFO] Mean effective coupling (κ_Cep·⟨S⟩): 1.191e+06[0m
[0;37m[01:45:54] [INFO] Optimizing TEP Coupling (κ_Cep)...[0m
[0;37m[01:45:54] [INFO] Optimization converged: True[0m
[1;32m[01:45:54] [SUCCESS] Optimal Observable Response Coefficient (κ_Cep): 1.228e+06 mag[0m
[0;37m[01:45:54] [INFO] Mean effective coupling (κ_Cep·⟨S⟩): 1.228e+06[0m
[0;37m[01:45:54] [INFO] Optimizing TEP Coupling (κ_Cep)...[0m
[0;37m[01:45:54] [INFO] Optimization converged: True[0m
[1;32m[01:45:54] [SUCCESS] Optimal Observable Response Coefficient (κ_Cep): 1.255e+06 mag[0m
[0;37m[01:45:54] [INFO] Mean effective coupling (κ_Cep·⟨S⟩): 1.255e+06[0m
[0;37m[01:45:54] [INFO] Optimizing TEP Coupling (κ_Cep)...[0m
[0;37m[01:45:54] [INFO] Optimization converged: True[0m
[1;32m[01:45:54] [SUCCESS] Optimal Observable Response Coefficient (κ_Cep): 1.189e+06 mag[0m
[0;37m[01:45:54] [INFO] Mean effective coupling (κ_Cep·⟨S⟩): 1.189e+06[0m
[0;37m[01:45:54] [INFO] Optimizing TEP Coupling (κ_Cep)...[0m
[0;37m[01:45:54] [INFO] Optimization converged: True[0m
[1;32m[01:45:54] [SUCCESS] Optimal Observable Response Coefficient (κ_Cep): 1.272e+06 mag[0m
[0;37m[01:45:54] [INFO] Mean effective coupling (κ_Cep·⟨S⟩): 1.272e+06[0m
[0;37m[01:45:54] [INFO] Optimizing TEP Coupling (κ_Cep)...[0m
[0;37m[01:45:54] [INFO] Optimization converged: True[0m
[1;32m[01:45:54] [SUCCESS] Optimal Observable Response Coefficient (κ_Cep): 1.256e+06 mag[0m
[0;37m[01:45:54] [INFO] Mean effective coupling (κ_Cep·⟨S⟩): 1.256e+06[0m
[0;37m[01:45:54] [INFO] Optimizing TEP Coupling (κ_Cep)...[0m
[0;37m[01:45:54] [INFO] Optimization converged: True[0m
[1;32m[01:45:54] [SUCCESS] Optimal Observable Response Coefficient (κ_Cep): 1.264e+06 mag[0m
[0;37m[01:45:54] [INFO] Mean effective coupling (κ_Cep·⟨S⟩): 1.264e+06[0m
[0;37m[01:45:54] [INFO] Optimizing TEP Coupling (κ_Cep)...[0m
[0;37m[01:45:54] [INFO] Optimization converged: True[0m
[1;32m[01:45:54] [SUCCESS] Optimal Observable Response Coefficient (κ_Cep): 1.282e+06 mag[0m
[0;37m[01:45:54] [INFO] Mean effective coupling (κ_Cep·⟨S⟩): 1.282e+06[0m
[0;37m[01:45:54] [INFO] Optimizing TEP Coupling (κ_Cep)...[0m
[0;37m[01:45:54] [INFO] Optimization converged: True[0m
[1;32m[01:45:54] [SUCCESS] Optimal Observable Response Coefficient (κ_Cep): 1.275e+06 mag[0m
[0;37m[01:45:54] [INFO] Mean effective coupling (κ_Cep·⟨S⟩): 1.275e+06[0m
[0;37m[01:45:54] [INFO] Optimizing TEP Coupling (κ_Cep)...[0m
[0;37m[01:45:54] [INFO] Optimization converged: True[0m
[1;32m[01:45:54] [SUCCESS] Optimal Observable Response Coefficient (κ_Cep): 1.257e+06 mag[0m
[0;37m[01:45:54] [INFO] Mean effective coupling (κ_Cep·⟨S⟩): 1.257e+06[0m
[0;37m[01:45:54] [INFO] Optimizing TEP Coupling (κ_Cep)...[0m
[0;37m[01:45:54] [INFO] Optimization converged: True[0m
[1;32m[01:45:54] [SUCCESS] Optimal Observable Response Coefficient (κ_Cep): 1.245e+06 mag[0m
[0;37m[01:45:54] [INFO] Mean effective coupling (κ_Cep·⟨S⟩): 1.245e+06[0m
[0;37m[01:45:54] [INFO] Optimizing TEP Coupling (κ_Cep)...[0m
[0;37m[01:45:54] [INFO] Optimization converged: True[0m
[1;32m[01:45:54] [SUCCESS] Optimal Observable Response Coefficient (κ_Cep): 1.258e+06 mag[0m
[0;37m[01:45:54] [INFO] Mean effective coupling (κ_Cep·⟨S⟩): 1.258e+06[0m
[0;37m[01:45:54] [INFO] Optimizing TEP Coupling (κ_Cep)...[0m
[0;37m[01:45:54] [INFO] Optimization converged: True[0m
[1;32m[01:45:54] [SUCCESS] Optimal Observable Response Coefficient (κ_Cep): 1.347e+06 mag[0m
[0;37m[01:45:54] [INFO] Mean effective coupling (κ_Cep·⟨S⟩): 1.347e+06[0m
[0;37m[01:45:54] [INFO] Optimizing TEP Coupling (κ_Cep)...[0m
[0;37m[01:45:54] [INFO] Optimization converged: True[0m
[1;32m[01:45:54] [SUCCESS] Optimal Observable Response Coefficient (κ_Cep): 1.258e+06 mag[0m
[0;37m[01:45:54] [INFO] Mean effective coupling (κ_Cep·⟨S⟩): 1.258e+06[0m
[0;37m[01:45:54] [INFO] Optimizing TEP Coupling (κ_Cep)...[0m
[0;37m[01:45:54] [INFO] Optimization converged: True[0m
[1;32m[01:45:54] [SUCCESS] Optimal Observable Response Coefficient (κ_Cep): 1.271e+06 mag[0m
[0;37m[01:45:54] [INFO] Mean effective coupling (κ_Cep·⟨S⟩): 1.271e+06[0m
[0;37m[01:45:54] [INFO] Optimizing TEP Coupling (κ_Cep)...[0m
[0;37m[01:45:54] [INFO] Optimization converged: True[0m
[1;32m[01:45:54] [SUCCESS] Optimal Observable Response Coefficient (κ_Cep): 1.336e+06 mag[0m
[0;37m[01:45:54] [INFO] Mean effective coupling (κ_Cep·⟨S⟩): 1.336e+06[0m
[0;37m[01:45:54] [INFO] Optimizing TEP Coupling (κ_Cep)...[0m
[0;37m[01:45:54] [INFO] Optimization converged: True[0m
[1;32m[01:45:54] [SUCCESS] Optimal Observable Response Coefficient (κ_Cep): 1.266e+06 mag[0m
[0;37m[01:45:54] [INFO] Mean effective coupling (κ_Cep·⟨S⟩): 1.266e+06[0m
[0;37m[01:45:54] [INFO] Optimizing TEP Coupling (κ_Cep)...[0m
[0;37m[01:45:54] [INFO] Optimization converged: True[0m
[1;32m[01:45:54] [SUCCESS] Optimal Observable Response Coefficient (κ_Cep): 1.448e+06 mag[0m
[0;37m[01:45:54] [INFO] Mean effective coupling (κ_Cep·⟨S⟩): 1.448e+06[0m
[0;37m[01:45:54] [INFO] Optimizing TEP Coupling (κ_Cep)...[0m
[0;37m[01:45:54] [INFO] Optimization converged: True[0m
[1;32m[01:45:54] [SUCCESS] Optimal Observable Response Coefficient (κ_Cep): 1.256e+06 mag[0m
[0;37m[01:45:54] [INFO] Mean effective coupling (κ_Cep·⟨S⟩): 1.256e+06[0m
[0;37m[01:45:55] [INFO] Optimizing TEP Coupling (κ_Cep)...[0m
[0;37m[01:45:55] [INFO] Optimization converged: True[0m
[1;32m[01:45:55] [SUCCESS] Optimal Observable Response Coefficient (κ_Cep): 8.466e+05 mag[0m
[0;37m[01:45:55] [INFO] Mean effective coupling (κ_Cep·⟨S⟩): 8.466e+05[0m
[0;37m[01:45:55] [INFO] Applying Conformal Correction...[0m
[0;37m[01:45:55] [INFO] Sample Corrections (Suppression-Aware)[0m
[0;37m[01:45:55] [INFO] +----------+-------+--------+----------+------------+----------+[0m
[0;37m[01:45:55] [INFO] | Host     | Sigma | S(rho) | H0 (Raw) | Corr (mag) | H0 (TEP) |[0m
[0;37m[01:45:55] [INFO] +----------+-------+--------+----------+------------+----------+[0m
[0;37m[01:45:55] [INFO] | NGC 5917 | 54.0  | 1.000  | 72.56    | -0.0441    | 74.05    |[0m
[0;37m[01:45:55] [INFO] | NGC 2525 | 82.0  | 1.000  | 71.47    | -0.0082    | 71.74    |[0m
[0;37m[01:45:55] [INFO] | NGC 4639 | 96.2  | 1.000  | 47.25    | +0.0156    | 46.92    |[0m
[0;37m[01:45:55] [INFO] | NGC 7678 | 107.0 | 1.000  | 70.66    | +0.0363    | 69.49    |[0m
[0;37m[01:45:55] [INFO] | NGC 3583 | 108.0 | 1.000  | 71.09    | +0.0383    | 69.85    |[0m
[0;37m[01:45:55] [INFO] +----------+-------+--------+----------+------------+----------+[0m
[0;37m[01:45:55] [INFO] ------------------------------------------------------------[0m
[1;32m[01:45:55] [SUCCESS] UNIFIED H0 (Statistical): 68.50 +/- 1.25 km/s/Mpc[0m
[0;37m[01:45:55] [INFO] Note: This error (SEM) assumes κ_Cep is fixed/known perfectly.[0m
[0;37m[01:45:55] [INFO] ------------------------------------------------------------[0m
[0;37m[01:45:55] [INFO] Optimizing TEP Coupling (κ_Cep)...[0m
[0;37m[01:45:55] [INFO] Optimization converged: True[0m
[1;32m[01:45:55] [SUCCESS] Optimal Observable Response Coefficient (κ_Cep): 8.541e+05 mag[0m
[0;37m[01:45:55] [INFO] Mean effective coupling (κ_Cep·⟨S⟩): 8.541e+05[0m
[0;37m[01:45:55] [INFO] Optimizing TEP Coupling (κ_Cep)...[0m
[0;37m[01:45:55] [INFO] Optimization converged: True[0m
[1;32m[01:45:55] [SUCCESS] Optimal Observable Response Coefficient (κ_Cep): 8.463e+05 mag[0m
[0;37m[01:45:55] [INFO] Mean effective coupling (κ_Cep·⟨S⟩): 8.463e+05[0m
[0;37m[01:45:55] [INFO] Optimizing TEP Coupling (κ_Cep)...[0m
[0;37m[01:45:55] [INFO] Optimization converged: True[0m
[1;32m[01:45:55] [SUCCESS] Optimal Observable Response Coefficient (κ_Cep): 8.451e+05 mag[0m
[0;37m[01:45:55] [INFO] Mean effective coupling (κ_Cep·⟨S⟩): 8.451e+05[0m
[0;37m[01:45:55] [INFO] Optimizing TEP Coupling (κ_Cep)...[0m
[0;37m[01:45:55] [INFO] Optimization converged: True[0m
[1;32m[01:45:55] [SUCCESS] Optimal Observable Response Coefficient (κ_Cep): 8.298e+05 mag[0m
[0;37m[01:45:55] [INFO] Mean effective coupling (κ_Cep·⟨S⟩): 8.298e+05[0m
[0;37m[01:45:55] [INFO] Optimizing TEP Coupling (κ_Cep)...[0m
[0;37m[01:45:55] [INFO] Optimization converged: True[0m
[1;32m[01:45:55] [SUCCESS] Optimal Observable Response Coefficient (κ_Cep): 8.456e+05 mag[0m
[0;37m[01:45:55] [INFO] Mean effective coupling (κ_Cep·⟨S⟩): 8.456e+05[0m
[0;37m[01:45:55] [INFO] Optimizing TEP Coupling (κ_Cep)...[0m
[0;37m[01:45:55] [INFO] Optimization converged: True[0m
[1;32m[01:45:55] [SUCCESS] Optimal Observable Response Coefficient (κ_Cep): 7.985e+05 mag[0m
[0;37m[01:45:55] [INFO] Mean effective coupling (κ_Cep·⟨S⟩): 7.985e+05[0m
[0;37m[01:45:55] [INFO] Optimizing TEP Coupling (κ_Cep)...[0m
[0;37m[01:45:55] [INFO] Optimization converged: True[0m
[1;32m[01:45:55] [SUCCESS] Optimal Observable Response Coefficient (κ_Cep): 8.134e+05 mag[0m
[0;37m[01:45:55] [INFO] Mean effective coupling (κ_Cep·⟨S⟩): 8.134e+05[0m
[0;37m[01:45:55] [INFO] Optimizing TEP Coupling (κ_Cep)...[0m
[0;37m[01:45:55] [INFO] Optimization converged: True[0m
[1;32m[01:45:55] [SUCCESS] Optimal Observable Response Coefficient (κ_Cep): 8.297e+05 mag[0m
[0;37m[01:45:55] [INFO] Mean effective coupling (κ_Cep·⟨S⟩): 8.297e+05[0m
[0;37m[01:45:55] [INFO] Optimizing TEP Coupling (κ_Cep)...[0m
[0;37m[01:45:55] [INFO] Optimization converged: True[0m
[1;32m[01:45:55] [SUCCESS] Optimal Observable Response Coefficient (κ_Cep): 8.617e+05 mag[0m
[0;37m[01:45:55] [INFO] Mean effective coupling (κ_Cep·⟨S⟩): 8.617e+05[0m
[0;37m[01:45:55] [INFO] Optimizing TEP Coupling (κ_Cep)...[0m
[0;37m[01:45:55] [INFO] Optimization converged: True[0m
[1;32m[01:45:55] [SUCCESS] Optimal Observable Response Coefficient (κ_Cep): 8.727e+05 mag[0m
[0;37m[01:45:55] [INFO] Mean effective coupling (κ_Cep·⟨S⟩): 8.727e+05[0m
[0;37m[01:45:55] [INFO] Optimizing TEP Coupling (κ_Cep)...[0m
[0;37m[01:45:55] [INFO] Optimization converged: True[0m
[1;32m[01:45:55] [SUCCESS] Optimal Observable Response Coefficient (κ_Cep): 8.490e+05 mag[0m
[0;37m[01:45:55] [INFO] Mean effective coupling (κ_Cep·⟨S⟩): 8.490e+05[0m
[0;37m[01:45:55] [INFO] Optimizing TEP Coupling (κ_Cep)...[0m
[0;37m[01:45:55] [INFO] Optimization converged: True[0m
[1;32m[01:45:55] [SUCCESS] Optimal Observable Response Coefficient (κ_Cep): 1.068e+06 mag[0m
[0;37m[01:45:55] [INFO] Mean effective coupling (κ_Cep·⟨S⟩): 1.068e+06[0m
[0;37m[01:45:55] [INFO] Optimizing TEP Coupling (κ_Cep)...[0m
[0;37m[01:45:55] [INFO] Optimization converged: True[0m
[1;32m[01:45:55] [SUCCESS] Optimal Observable Response Coefficient (κ_Cep): 8.615e+05 mag[0m
[0;37m[01:45:55] [INFO] Mean effective coupling (κ_Cep·⟨S⟩): 8.615e+05[0m
[0;37m[01:45:55] [INFO] Optimizing TEP Coupling (κ_Cep)...[0m
[0;37m[01:45:55] [INFO] Optimization converged: True[0m
[1;32m[01:45:55] [SUCCESS] Optimal Observable Response Coefficient (κ_Cep): 8.378e+05 mag[0m
[0;37m[01:45:55] [INFO] Mean effective coupling (κ_Cep·⟨S⟩): 8.378e+05[0m
[0;37m[01:45:55] [INFO] Optimizing TEP Coupling (κ_Cep)...[0m
[0;37m[01:45:55] [INFO] Optimization converged: True[0m
[1;32m[01:45:55] [SUCCESS] Optimal Observable Response Coefficient (κ_Cep): 7.411e+05 mag[0m
[0;37m[01:45:55] [INFO] Mean effective coupling (κ_Cep·⟨S⟩): 7.411e+05[0m
[0;37m[01:45:55] [INFO] Optimizing TEP Coupling (κ_Cep)...[0m
[0;37m[01:45:55] [INFO] Optimization converged: True[0m
[1;32m[01:45:55] [SUCCESS] Optimal Observable Response Coefficient (κ_Cep): 8.455e+05 mag[0m
[0;37m[01:45:55] [INFO] Mean effective coupling (κ_Cep·⟨S⟩): 8.455e+05[0m
[0;37m[01:45:55] [INFO] Optimizing TEP Coupling (κ_Cep)...[0m
[0;37m[01:45:55] [INFO] Optimization converged: True[0m
[1;32m[01:45:55] [SUCCESS] Optimal Observable Response Coefficient (κ_Cep): 8.416e+05 mag[0m
[0;37m[01:45:55] [INFO] Mean effective coupling (κ_Cep·⟨S⟩): 8.416e+05[0m
[0;37m[01:45:55] [INFO] Optimizing TEP Coupling (κ_Cep)...[0m
[0;37m[01:45:55] [INFO] Optimization converged: True[0m
[1;32m[01:45:55] [SUCCESS] Optimal Observable Response Coefficient (κ_Cep): 8.067e+05 mag[0m
[0;37m[01:45:55] [INFO] Mean effective coupling (κ_Cep·⟨S⟩): 8.067e+05[0m
[0;37m[01:45:55] [INFO] Optimizing TEP Coupling (κ_Cep)...[0m
[0;37m[01:45:55] [INFO] Optimization converged: True[0m
[1;32m[01:45:55] [SUCCESS] Optimal Observable Response Coefficient (κ_Cep): 8.494e+05 mag[0m
[0;37m[01:45:55] [INFO] Mean effective coupling (κ_Cep·⟨S⟩): 8.494e+05[0m
[0;37m[01:45:55] [INFO] Optimizing TEP Coupling (κ_Cep)...[0m
[0;37m[01:45:55] [INFO] Optimization converged: True[0m
[1;32m[01:45:55] [SUCCESS] Optimal Observable Response Coefficient (κ_Cep): 8.368e+05 mag[0m
[0;37m[01:45:55] [INFO] Mean effective coupling (κ_Cep·⟨S⟩): 8.368e+05[0m
[0;37m[01:45:55] [INFO] Optimizing TEP Coupling (κ_Cep)...[0m
[0;37m[01:45:55] [INFO] Optimization converged: True[0m
[1;32m[01:45:55] [SUCCESS] Optimal Observable Response Coefficient (κ_Cep): 8.586e+05 mag[0m
[0;37m[01:45:55] [INFO] Mean effective coupling (κ_Cep·⟨S⟩): 8.586e+05[0m
[0;37m[01:45:55] [INFO] Optimizing TEP Coupling (κ_Cep)...[0m
[0;37m[01:45:55] [INFO] Optimization converged: True[0m
[1;32m[01:45:55] [SUCCESS] Optimal Observable Response Coefficient (κ_Cep): 8.129e+05 mag[0m
[0;37m[01:45:55] [INFO] Mean effective coupling (κ_Cep·⟨S⟩): 8.129e+05[0m
[0;37m[01:45:55] [INFO] Optimizing TEP Coupling (κ_Cep)...[0m
[0;37m[01:45:55] [INFO] Optimization converged: True[0m
[1;32m[01:45:55] [SUCCESS] Optimal Observable Response Coefficient (κ_Cep): 8.413e+05 mag[0m
[0;37m[01:45:55] [INFO] Mean effective coupling (κ_Cep·⟨S⟩): 8.413e+05[0m
[0;37m[01:45:55] [INFO] Optimizing TEP Coupling (κ_Cep)...[0m
[0;37m[01:45:55] [INFO] Optimization converged: True[0m
[1;32m[01:45:55] [SUCCESS] Optimal Observable Response Coefficient (κ_Cep): 9.027e+05 mag[0m
[0;37m[01:45:55] [INFO] Mean effective coupling (κ_Cep·⟨S⟩): 9.027e+05[0m
[0;37m[01:45:55] [INFO] Optimizing TEP Coupling (κ_Cep)...[0m
[0;37m[01:45:55] [INFO] Optimization converged: True[0m
[1;32m[01:45:55] [SUCCESS] Optimal Observable Response Coefficient (κ_Cep): 7.931e+05 mag[0m
[0;37m[01:45:55] [INFO] Mean effective coupling (κ_Cep·⟨S⟩): 7.931e+05[0m
[0;37m[01:45:55] [INFO] Optimizing TEP Coupling (κ_Cep)...[0m
[0;37m[01:45:55] [INFO] Optimization converged: True[0m
[1;32m[01:45:55] [SUCCESS] Optimal Observable Response Coefficient (κ_Cep): 8.542e+05 mag[0m
[0;37m[01:45:55] [INFO] Mean effective coupling (κ_Cep·⟨S⟩): 8.542e+05[0m
[0;37m[01:45:55] [INFO] Optimizing TEP Coupling (κ_Cep)...[0m
[0;37m[01:45:55] [INFO] Optimization converged: True[0m
[1;32m[01:45:55] [SUCCESS] Optimal Observable Response Coefficient (κ_Cep): 9.011e+05 mag[0m
[0;37m[01:45:55] [INFO] Mean effective coupling (κ_Cep·⟨S⟩): 9.011e+05[0m
[0;37m[01:45:55] [INFO] Optimizing TEP Coupling (κ_Cep)...[0m
[0;37m[01:45:55] [INFO] Optimization converged: True[0m
[1;32m[01:45:55] [SUCCESS] Optimal Observable Response Coefficient (κ_Cep): 8.460e+05 mag[0m
[0;37m[01:45:55] [INFO] Mean effective coupling (κ_Cep·⟨S⟩): 8.460e+05[0m
[0;37m[01:45:55] [INFO] Optimizing TEP Coupling (κ_Cep)...[0m
[0;37m[01:45:55] [INFO] Optimization converged: True[0m
[1;32m[01:45:55] [SUCCESS] Optimal Observable Response Coefficient (κ_Cep): 9.502e+05 mag[0m
[0;37m[01:45:55] [INFO] Mean effective coupling (κ_Cep·⟨S⟩): 9.502e+05[0m
[0;37m[01:45:55] [INFO] Optimizing TEP Coupling (κ_Cep)...[0m
[0;37m[01:45:55] [INFO] Optimization converged: True[0m
[1;32m[01:45:55] [SUCCESS] Optimal Observable Response Coefficient (κ_Cep): 8.086e+05 mag[0m
[0;37m[01:45:55] [INFO] Mean effective coupling (κ_Cep·⟨S⟩): 8.086e+05[0m
[0;37m[01:45:56] [INFO] Optimizing TEP Coupling (κ_Cep)...[0m
[0;37m[01:45:56] [INFO] Optimization converged: True[0m
[1;32m[01:45:56] [SUCCESS] Optimal Observable Response Coefficient (κ_Cep): 8.067e+05 mag[0m
[0;37m[01:45:56] [INFO] Mean effective coupling (κ_Cep·⟨S⟩): 8.067e+05[0m
[0;37m[01:45:56] [INFO] Applying Conformal Correction...[0m
[0;37m[01:45:56] [INFO] Sample Corrections (Suppression-Aware)[0m
[0;37m[01:45:56] [INFO] +----------+-------+--------+----------+------------+----------+[0m
[0;37m[01:45:56] [INFO] | Host     | Sigma | S(rho) | H0 (Raw) | Corr (mag) | H0 (TEP) |[0m
[0;37m[01:45:56] [INFO] +----------+-------+--------+----------+------------+----------+[0m
[0;37m[01:45:56] [INFO] | NGC 5917 | 54.0  | 1.000  | 72.56    | -0.0420    | 73.98    |[0m
[0;37m[01:45:56] [INFO] | NGC 2525 | 82.0  | 1.000  | 71.47    | -0.0078    | 71.73    |[0m
[0;37m[01:45:56] [INFO] | NGC 4038 | 107.0 | 1.000  | 80.67    | +0.0346    | 79.39    |[0m
[0;37m[01:45:56] [INFO] | NGC 3254 | 117.8 | 1.000  | 64.24    | +0.0564    | 62.59    |[0m
[0;37m[01:45:56] [INFO] | NGC 976  | 218.0 | 1.000  | 76.91    | +0.3584    | 65.21    |[0m
[0;37m[01:45:56] [INFO] +----------+-------+--------+----------+------------+----------+[0m
[0;37m[01:45:56] [INFO] ------------------------------------------------------------[0m
[1;32m[01:45:56] [SUCCESS] UNIFIED H0 (Statistical): 69.32 +/- 1.04 km/s/Mpc[0m
[0;37m[01:45:56] [INFO] Note: This error (SEM) assumes κ_Cep is fixed/known perfectly.[0m
[0;37m[01:45:56] [INFO] ------------------------------------------------------------[0m
[0;37m[01:45:56] [INFO] Optimizing TEP Coupling (κ_Cep)...[0m
[0;37m[01:45:56] [INFO] Optimization converged: True[0m
[1;32m[01:45:56] [SUCCESS] Optimal Observable Response Coefficient (κ_Cep): 8.125e+05 mag[0m
[0;37m[01:45:56] [INFO] Mean effective coupling (κ_Cep·⟨S⟩): 8.125e+05[0m
[0;37m[01:45:56] [INFO] Optimizing TEP Coupling (κ_Cep)...[0m
[0;37m[01:45:56] [INFO] Optimization converged: True[0m
[1;32m[01:45:56] [SUCCESS] Optimal Observable Response Coefficient (κ_Cep): 8.069e+05 mag[0m
[0;37m[01:45:56] [INFO] Mean effective coupling (κ_Cep·⟨S⟩): 8.069e+05[0m
[0;37m[01:45:56] [INFO] Optimizing TEP Coupling (κ_Cep)...[0m
[0;37m[01:45:56] [INFO] Optimization converged: True[0m
[1;32m[01:45:56] [SUCCESS] Optimal Observable Response Coefficient (κ_Cep): 8.057e+05 mag[0m
[0;37m[01:45:56] [INFO] Mean effective coupling (κ_Cep·⟨S⟩): 8.057e+05[0m
[0;37m[01:45:56] [INFO] Optimizing TEP Coupling (κ_Cep)...[0m
[0;37m[01:45:56] [INFO] Optimization converged: True[0m
[1;32m[01:45:56] [SUCCESS] Optimal Observable Response Coefficient (κ_Cep): 7.860e+05 mag[0m
[0;37m[01:45:56] [INFO] Mean effective coupling (κ_Cep·⟨S⟩): 7.860e+05[0m
[0;37m[01:45:56] [INFO] Optimizing TEP Coupling (κ_Cep)...[0m
[0;37m[01:45:56] [INFO] Optimization converged: True[0m
[1;32m[01:45:56] [SUCCESS] Optimal Observable Response Coefficient (κ_Cep): 8.028e+05 mag[0m
[0;37m[01:45:56] [INFO] Mean effective coupling (κ_Cep·⟨S⟩): 8.028e+05[0m
[0;37m[01:45:56] [INFO] Optimizing TEP Coupling (κ_Cep)...[0m
[0;37m[01:45:56] [INFO] Optimization converged: True[0m
[1;32m[01:45:56] [SUCCESS] Optimal Observable Response Coefficient (κ_Cep): 7.655e+05 mag[0m
[0;37m[01:45:56] [INFO] Mean effective coupling (κ_Cep·⟨S⟩): 7.655e+05[0m
[0;37m[01:45:56] [INFO] Optimizing TEP Coupling (κ_Cep)...[0m
[0;37m[01:45:56] [INFO] Optimization converged: True[0m
[1;32m[01:45:56] [SUCCESS] Optimal Observable Response Coefficient (κ_Cep): 7.671e+05 mag[0m
[0;37m[01:45:56] [INFO] Mean effective coupling (κ_Cep·⟨S⟩): 7.671e+05[0m
[0;37m[01:45:56] [INFO] Optimizing TEP Coupling (κ_Cep)...[0m
[0;37m[01:45:56] [INFO] Optimization converged: True[0m
[1;32m[01:45:56] [SUCCESS] Optimal Observable Response Coefficient (κ_Cep): 7.957e+05 mag[0m
[0;37m[01:45:56] [INFO] Mean effective coupling (κ_Cep·⟨S⟩): 7.957e+05[0m
[0;37m[01:45:56] [INFO] Optimizing TEP Coupling (κ_Cep)...[0m
[0;37m[01:45:56] [INFO] Optimization converged: True[0m
[1;32m[01:45:56] [SUCCESS] Optimal Observable Response Coefficient (κ_Cep): 8.178e+05 mag[0m
[0;37m[01:45:56] [INFO] Mean effective coupling (κ_Cep·⟨S⟩): 8.178e+05[0m
[0;37m[01:45:56] [INFO] Optimizing TEP Coupling (κ_Cep)...[0m
[0;37m[01:45:56] [INFO] Optimization converged: True[0m
[1;32m[01:45:56] [SUCCESS] Optimal Observable Response Coefficient (κ_Cep): 8.301e+05 mag[0m
[0;37m[01:45:56] [INFO] Mean effective coupling (κ_Cep·⟨S⟩): 8.301e+05[0m
[0;37m[01:45:56] [INFO] Optimizing TEP Coupling (κ_Cep)...[0m
[0;37m[01:45:56] [INFO] Optimization converged: True[0m
[1;32m[01:45:56] [SUCCESS] Optimal Observable Response Coefficient (κ_Cep): 7.993e+05 mag[0m
[0;37m[01:45:56] [INFO] Mean effective coupling (κ_Cep·⟨S⟩): 7.993e+05[0m
[0;37m[01:45:56] [INFO] Optimizing TEP Coupling (κ_Cep)...[0m
[0;37m[01:45:56] [INFO] Optimization converged: True[0m
[1;32m[01:45:56] [SUCCESS] Optimal Observable Response Coefficient (κ_Cep): 1.039e+06 mag[0m
[0;37m[01:45:56] [INFO] Mean effective coupling (κ_Cep·⟨S⟩): 1.039e+06[0m
[0;37m[01:45:56] [INFO] Optimizing TEP Coupling (κ_Cep)...[0m
[0;37m[01:45:56] [INFO] Optimization converged: True[0m
[1;32m[01:45:56] [SUCCESS] Optimal Observable Response Coefficient (κ_Cep): 8.235e+05 mag[0m
[0;37m[01:45:56] [INFO] Mean effective coupling (κ_Cep·⟨S⟩): 8.235e+05[0m
[0;37m[01:45:56] [INFO] Optimizing TEP Coupling (κ_Cep)...[0m
[0;37m[01:45:56] [INFO] Optimization converged: True[0m
[1;32m[01:45:56] [SUCCESS] Optimal Observable Response Coefficient (κ_Cep): 7.942e+05 mag[0m
[0;37m[01:45:56] [INFO] Mean effective coupling (κ_Cep·⟨S⟩): 7.942e+05[0m
[0;37m[01:45:56] [INFO] Optimizing TEP Coupling (κ_Cep)...[0m
[0;37m[01:45:56] [INFO] Optimization converged: True[0m
[1;32m[01:45:56] [SUCCESS] Optimal Observable Response Coefficient (κ_Cep): 6.902e+05 mag[0m
[0;37m[01:45:56] [INFO] Mean effective coupling (κ_Cep·⟨S⟩): 6.902e+05[0m
[0;37m[01:45:56] [INFO] Optimizing TEP Coupling (κ_Cep)...[0m
[0;37m[01:45:56] [INFO] Optimization converged: True[0m
[1;32m[01:45:56] [SUCCESS] Optimal Observable Response Coefficient (κ_Cep): 8.062e+05 mag[0m
[0;37m[01:45:56] [INFO] Mean effective coupling (κ_Cep·⟨S⟩): 8.062e+05[0m
[0;37m[01:45:56] [INFO] Optimizing TEP Coupling (κ_Cep)...[0m
[0;37m[01:45:56] [INFO] Optimization converged: True[0m
[1;32m[01:45:56] [SUCCESS] Optimal Observable Response Coefficient (κ_Cep): 8.026e+05 mag[0m
[0;37m[01:45:56] [INFO] Mean effective coupling (κ_Cep·⟨S⟩): 8.026e+05[0m
[0;37m[01:45:56] [INFO] Optimizing TEP Coupling (κ_Cep)...[0m
[0;37m[01:45:56] [INFO] Optimization converged: True[0m
[1;32m[01:45:56] [SUCCESS] Optimal Observable Response Coefficient (κ_Cep): 8.098e+05 mag[0m
[0;37m[01:45:56] [INFO] Mean effective coupling (κ_Cep·⟨S⟩): 8.098e+05[0m
[0;37m[01:45:56] [INFO] Optimizing TEP Coupling (κ_Cep)...[0m
[0;37m[01:45:56] [INFO] Optimization converged: True[0m
[1;32m[01:45:56] [SUCCESS] Optimal Observable Response Coefficient (κ_Cep): 7.897e+05 mag[0m
[0;37m[01:45:56] [INFO] Mean effective coupling (κ_Cep·⟨S⟩): 7.897e+05[0m
[0;37m[01:45:56] [INFO] Optimizing TEP Coupling (κ_Cep)...[0m
[0;37m[01:45:56] [INFO] Optimization converged: True[0m
[1;32m[01:45:56] [SUCCESS] Optimal Observable Response Coefficient (κ_Cep): 8.181e+05 mag[0m
[0;37m[01:45:56] [INFO] Mean effective coupling (κ_Cep·⟨S⟩): 8.181e+05[0m
[0;37m[01:45:56] [INFO] Optimizing TEP Coupling (κ_Cep)...[0m
[0;37m[01:45:56] [INFO] Optimization converged: True[0m
[1;32m[01:45:56] [SUCCESS] Optimal Observable Response Coefficient (κ_Cep): 7.823e+05 mag[0m
[0;37m[01:45:56] [INFO] Mean effective coupling (κ_Cep·⟨S⟩): 7.823e+05[0m
[0;37m[01:45:56] [INFO] Optimizing TEP Coupling (κ_Cep)...[0m
[0;37m[01:45:56] [INFO] Optimization converged: True[0m
[1;32m[01:45:56] [SUCCESS] Optimal Observable Response Coefficient (κ_Cep): 8.028e+05 mag[0m
[0;37m[01:45:56] [INFO] Mean effective coupling (κ_Cep·⟨S⟩): 8.028e+05[0m
[0;37m[01:45:56] [INFO] Optimizing TEP Coupling (κ_Cep)...[0m
[0;37m[01:45:56] [INFO] Optimization converged: True[0m
[1;32m[01:45:56] [SUCCESS] Optimal Observable Response Coefficient (κ_Cep): 8.532e+05 mag[0m
[0;37m[01:45:56] [INFO] Mean effective coupling (κ_Cep·⟨S⟩): 8.532e+05[0m
[0;37m[01:45:56] [INFO] Optimizing TEP Coupling (κ_Cep)...[0m
[0;37m[01:45:56] [INFO] Optimization converged: True[0m
[1;32m[01:45:56] [SUCCESS] Optimal Observable Response Coefficient (κ_Cep): 7.420e+05 mag[0m
[0;37m[01:45:56] [INFO] Mean effective coupling (κ_Cep·⟨S⟩): 7.420e+05[0m
[0;37m[01:45:56] [INFO] Optimizing TEP Coupling (κ_Cep)...[0m
[0;37m[01:45:56] [INFO] Optimization converged: True[0m
[1;32m[01:45:56] [SUCCESS] Optimal Observable Response Coefficient (κ_Cep): 8.173e+05 mag[0m
[0;37m[01:45:56] [INFO] Mean effective coupling (κ_Cep·⟨S⟩): 8.173e+05[0m
[0;37m[01:45:56] [INFO] Optimizing TEP Coupling (κ_Cep)...[0m
[0;37m[01:45:56] [INFO] Optimization converged: True[0m
[1;32m[01:45:56] [SUCCESS] Optimal Observable Response Coefficient (κ_Cep): 8.539e+05 mag[0m
[0;37m[01:45:56] [INFO] Mean effective coupling (κ_Cep·⟨S⟩): 8.539e+05[0m
[0;37m[01:45:56] [INFO] Optimizing TEP Coupling (κ_Cep)...[0m
[0;37m[01:45:56] [INFO] Optimization converged: True[0m
[1;32m[01:45:56] [SUCCESS] Optimal Observable Response Coefficient (κ_Cep): 8.065e+05 mag[0m
[0;37m[01:45:56] [INFO] Mean effective coupling (κ_Cep·⟨S⟩): 8.065e+05[0m
[0;37m[01:45:56] [INFO] Optimizing TEP Coupling (κ_Cep)...[0m
[0;37m[01:45:56] [INFO] Optimization converged: True[0m
[1;32m[01:45:56] [SUCCESS] Optimal Observable Response Coefficient (κ_Cep): 9.217e+05 mag[0m
[0;37m[01:45:56] [INFO] Mean effective coupling (κ_Cep·⟨S⟩): 9.217e+05[0m
[0;37m[01:45:56] [INFO] Optimizing TEP Coupling (κ_Cep)...[0m
[0;37m[01:45:56] [INFO] Optimization converged: True[0m
[1;32m[01:45:56] [SUCCESS] Optimal Observable Response Coefficient (κ_Cep): 7.625e+05 mag[0m
[0;37m[01:45:56] [INFO] Mean effective coupling (κ_Cep·⟨S⟩): 7.625e+05[0m
[0;37m[01:45:57] [INFO] Optimizing TEP Coupling (κ_Cep)...[0m
[0;37m[01:45:57] [INFO] Optimization converged: True[0m
[1;32m[01:45:57] [SUCCESS] Optimal Observable Response Coefficient (κ_Cep): 5.043e+05 mag[0m
[0;37m[01:45:57] [INFO] Mean effective coupling (κ_Cep·⟨S⟩): 5.043e+05[0m
[0;37m[01:45:57] [INFO] Applying Conformal Correction...[0m
[0;37m[01:45:57] [INFO] Sample Corrections (Suppression-Aware)[0m
[0;37m[01:45:57] [INFO] +----------+-------+--------+----------+------------+----------+[0m
[0;37m[01:45:57] [INFO] | Host     | Sigma | S(rho) | H0 (Raw) | Corr (mag) | H0 (TEP) |[0m
[0;37m[01:45:57] [INFO] +----------+-------+--------+----------+------------+----------+[0m
[0;37m[01:45:57] [INFO] | NGC 5917 | 54.0  | 1.000  | 72.56    | -0.0263    | 73.44    |[0m
[0;37m[01:45:57] [INFO] | Mrk 1337 | 94.0  | 1.000  | 72.42    | +0.0069    | 72.19    |[0m
[0;37m[01:45:57] [INFO] | NGC 3583 | 108.0 | 1.000  | 71.09    | +0.0228    | 70.35    |[0m
[0;37m[01:45:57] [INFO] | NGC 5728 | 176.0 | 1.000  | 77.96    | +0.1312    | 73.39    |[0m
[0;37m[01:45:57] [INFO] | NGC 3147 | 238.0 | 1.000  | 77.93    | +0.2752    | 68.65    |[0m
[0;37m[01:45:57] [INFO] +----------+-------+--------+----------+------------+----------+[0m
[0;37m[01:45:57] [INFO] ------------------------------------------------------------[0m
[1;32m[01:45:57] [SUCCESS] UNIFIED H0 (Statistical): 70.68 +/- 1.02 km/s/Mpc[0m
[0;37m[01:45:57] [INFO] Note: This error (SEM) assumes κ_Cep is fixed/known perfectly.[0m
[0;37m[01:45:57] [INFO] ------------------------------------------------------------[0m
[0;37m[01:45:57] [INFO] Optimizing TEP Coupling (κ_Cep)...[0m
[0;37m[01:45:57] [INFO] Optimization converged: True[0m
[1;32m[01:45:57] [SUCCESS] Optimal Observable Response Coefficient (κ_Cep): 5.088e+05 mag[0m
[0;37m[01:45:57] [INFO] Mean effective coupling (κ_Cep·⟨S⟩): 5.088e+05[0m
[0;37m[01:45:57] [INFO] Optimizing TEP Coupling (κ_Cep)...[0m
[0;37m[01:45:57] [INFO] Optimization converged: True[0m
[1;32m[01:45:57] [SUCCESS] Optimal Observable Response Coefficient (κ_Cep): 5.046e+05 mag[0m
[0;37m[01:45:57] [INFO] Mean effective coupling (κ_Cep·⟨S⟩): 5.046e+05[0m
[0;37m[01:45:57] [INFO] Optimizing TEP Coupling (κ_Cep)...[0m
[0;37m[01:45:57] [INFO] Optimization converged: True[0m
[1;32m[01:45:57] [SUCCESS] Optimal Observable Response Coefficient (κ_Cep): 5.044e+05 mag[0m
[0;37m[01:45:57] [INFO] Mean effective coupling (κ_Cep·⟨S⟩): 5.044e+05[0m
[0;37m[01:45:57] [INFO] Optimizing TEP Coupling (κ_Cep)...[0m
[0;37m[01:45:57] [INFO] Optimization converged: True[0m
[1;32m[01:45:57] [SUCCESS] Optimal Observable Response Coefficient (κ_Cep): 4.708e+05 mag[0m
[0;37m[01:45:57] [INFO] Mean effective coupling (κ_Cep·⟨S⟩): 4.708e+05[0m
[0;37m[01:45:57] [INFO] Optimizing TEP Coupling (κ_Cep)...[0m
[0;37m[01:45:57] [INFO] Optimization converged: True[0m
[1;32m[01:45:57] [SUCCESS] Optimal Observable Response Coefficient (κ_Cep): 4.938e+05 mag[0m
[0;37m[01:45:57] [INFO] Mean effective coupling (κ_Cep·⟨S⟩): 4.938e+05[0m
[0;37m[01:45:57] [INFO] Optimizing TEP Coupling (κ_Cep)...[0m
[0;37m[01:45:57] [INFO] Optimization converged: True[0m
[1;32m[01:45:57] [SUCCESS] Optimal Observable Response Coefficient (κ_Cep): 5.102e+05 mag[0m
[0;37m[01:45:57] [INFO] Mean effective coupling (κ_Cep·⟨S⟩): 5.102e+05[0m
[0;37m[01:45:57] [INFO] Optimizing TEP Coupling (κ_Cep)...[0m
[0;37m[01:45:57] [INFO] Optimization converged: True[0m
[1;32m[01:45:57] [SUCCESS] Optimal Observable Response Coefficient (κ_Cep): 5.284e+05 mag[0m
[0;37m[01:45:57] [INFO] Mean effective coupling (κ_Cep·⟨S⟩): 5.284e+05[0m
[0;37m[01:45:57] [INFO] Optimizing TEP Coupling (κ_Cep)...[0m
[0;37m[01:45:57] [INFO] Optimization converged: True[0m
[1;32m[01:45:57] [SUCCESS] Optimal Observable Response Coefficient (κ_Cep): 4.734e+05 mag[0m
[0;37m[01:45:57] [INFO] Mean effective coupling (κ_Cep·⟨S⟩): 4.734e+05[0m
[0;37m[01:45:57] [INFO] Optimizing TEP Coupling (κ_Cep)...[0m
[0;37m[01:45:57] [INFO] Optimization converged: True[0m
[1;32m[01:45:57] [SUCCESS] Optimal Observable Response Coefficient (κ_Cep): 5.985e+05 mag[0m
[0;37m[01:45:57] [INFO] Mean effective coupling (κ_Cep·⟨S⟩): 5.985e+05[0m
[0;37m[01:45:57] [INFO] Optimizing TEP Coupling (κ_Cep)...[0m
[0;37m[01:45:57] [INFO] Optimization converged: True[0m
[1;32m[01:45:57] [SUCCESS] Optimal Observable Response Coefficient (κ_Cep): 5.225e+05 mag[0m
[0;37m[01:45:57] [INFO] Mean effective coupling (κ_Cep·⟨S⟩): 5.225e+05[0m
[0;37m[01:45:57] [INFO] Optimizing TEP Coupling (κ_Cep)...[0m
[0;37m[01:45:57] [INFO] Optimization converged: True[0m
[1;32m[01:45:57] [SUCCESS] Optimal Observable Response Coefficient (κ_Cep): 4.813e+05 mag[0m
[0;37m[01:45:57] [INFO] Mean effective coupling (κ_Cep·⟨S⟩): 4.813e+05[0m
[0;37m[01:45:57] [INFO] Optimizing TEP Coupling (κ_Cep)...[0m
[0;37m[01:45:57] [INFO] Optimization converged: True[0m
[1;32m[01:45:57] [SUCCESS] Optimal Observable Response Coefficient (κ_Cep): 5.043e+05 mag[0m
[0;37m[01:45:57] [INFO] Mean effective coupling (κ_Cep·⟨S⟩): 5.043e+05[0m
[0;37m[01:45:57] [INFO] Optimizing TEP Coupling (κ_Cep)...[0m
[0;37m[01:45:57] [INFO] Optimization converged: True[0m
[1;32m[01:45:57] [SUCCESS] Optimal Observable Response Coefficient (κ_Cep): 5.038e+05 mag[0m
[0;37m[01:45:57] [INFO] Mean effective coupling (κ_Cep·⟨S⟩): 5.038e+05[0m
[0;37m[01:45:57] [INFO] Optimizing TEP Coupling (κ_Cep)...[0m
[0;37m[01:45:57] [INFO] Optimization converged: True[0m
[1;32m[01:45:57] [SUCCESS] Optimal Observable Response Coefficient (κ_Cep): 5.111e+05 mag[0m
[0;37m[01:45:57] [INFO] Mean effective coupling (κ_Cep·⟨S⟩): 5.111e+05[0m
[0;37m[01:45:57] [INFO] Optimizing TEP Coupling (κ_Cep)...[0m
[0;37m[01:45:57] [INFO] Optimization converged: True[0m
[1;32m[01:45:57] [SUCCESS] Optimal Observable Response Coefficient (κ_Cep): 4.683e+05 mag[0m
[0;37m[01:45:57] [INFO] Mean effective coupling (κ_Cep·⟨S⟩): 4.683e+05[0m
[0;37m[01:45:57] [INFO] Optimizing TEP Coupling (κ_Cep)...[0m
[0;37m[01:45:57] [INFO] Optimization converged: True[0m
[1;32m[01:45:57] [SUCCESS] Optimal Observable Response Coefficient (κ_Cep): 5.192e+05 mag[0m
[0;37m[01:45:57] [INFO] Mean effective coupling (κ_Cep·⟨S⟩): 5.192e+05[0m
[0;37m[01:45:57] [INFO] Optimizing TEP Coupling (κ_Cep)...[0m
[0;37m[01:45:57] [INFO] Optimization converged: True[0m
[1;32m[01:45:57] [SUCCESS] Optimal Observable Response Coefficient (κ_Cep): 4.582e+05 mag[0m
[0;37m[01:45:57] [INFO] Mean effective coupling (κ_Cep·⟨S⟩): 4.582e+05[0m
[0;37m[01:45:57] [INFO] Optimizing TEP Coupling (κ_Cep)...[0m
[0;37m[01:45:57] [INFO] Optimization converged: True[0m
[1;32m[01:45:57] [SUCCESS] Optimal Observable Response Coefficient (κ_Cep): 5.020e+05 mag[0m
[0;37m[01:45:57] [INFO] Mean effective coupling (κ_Cep·⟨S⟩): 5.020e+05[0m
[0;37m[01:45:57] [INFO] Optimizing TEP Coupling (κ_Cep)...[0m
[0;37m[01:45:57] [INFO] Optimization converged: True[0m
[1;32m[01:45:57] [SUCCESS] Optimal Observable Response Coefficient (κ_Cep): 5.380e+05 mag[0m
[0;37m[01:45:57] [INFO] Mean effective coupling (κ_Cep·⟨S⟩): 5.380e+05[0m
[0;37m[01:45:57] [INFO] Optimizing TEP Coupling (κ_Cep)...[0m
[0;37m[01:45:57] [INFO] Optimization converged: True[0m
[1;32m[01:45:57] [SUCCESS] Optimal Observable Response Coefficient (κ_Cep): 5.175e+05 mag[0m
[0;37m[01:45:57] [INFO] Mean effective coupling (κ_Cep·⟨S⟩): 5.175e+05[0m
[0;37m[01:45:57] [INFO] Optimizing TEP Coupling (κ_Cep)...[0m
[0;37m[01:45:57] [INFO] Optimization converged: True[0m
[1;32m[01:45:57] [SUCCESS] Optimal Observable Response Coefficient (κ_Cep): 5.453e+05 mag[0m
[0;37m[01:45:57] [INFO] Mean effective coupling (κ_Cep·⟨S⟩): 5.453e+05[0m
[0;37m[01:45:57] [INFO] Optimizing TEP Coupling (κ_Cep)...[0m
[0;37m[01:45:57] [INFO] Optimization converged: True[0m
[1;32m[01:45:57] [SUCCESS] Optimal Observable Response Coefficient (κ_Cep): 5.043e+05 mag[0m
[0;37m[01:45:57] [INFO] Mean effective coupling (κ_Cep·⟨S⟩): 5.043e+05[0m
[0;37m[01:45:57] [INFO] Optimizing TEP Coupling (κ_Cep)...[0m
[0;37m[01:45:57] [INFO] Optimization converged: True[0m
[1;32m[01:45:57] [SUCCESS] Optimal Observable Response Coefficient (κ_Cep): 5.430e+05 mag[0m
[0;37m[01:45:57] [INFO] Mean effective coupling (κ_Cep·⟨S⟩): 5.430e+05[0m
[0;37m[01:45:57] [INFO] Optimizing TEP Coupling (κ_Cep)...[0m
[0;37m[01:45:57] [INFO] Optimization converged: True[0m
[1;32m[01:45:57] [SUCCESS] Optimal Observable Response Coefficient (κ_Cep): 4.379e+05 mag[0m
[0;37m[01:45:57] [INFO] Mean effective coupling (κ_Cep·⟨S⟩): 4.379e+05[0m
[0;37m[01:45:58] [INFO] Optimizing TEP Coupling (κ_Cep)...[0m
[0;37m[01:45:58] [INFO] Optimization converged: True[0m
[1;32m[01:45:58] [SUCCESS] Optimal Observable Response Coefficient (κ_Cep): 4.929e+05 mag[0m
[0;37m[01:45:58] [INFO] Mean effective coupling (κ_Cep·⟨S⟩): 4.929e+05[0m
[0;37m[01:45:58] [INFO] Applying Conformal Correction...[0m
[0;37m[01:45:58] [INFO] Sample Corrections (Suppression-Aware)[0m
[0;37m[01:45:58] [INFO] +----------+-------+--------+----------+------------+----------+[0m
[0;37m[01:45:58] [INFO] | Host     | Sigma | S(rho) | H0 (Raw) | Corr (mag) | H0 (TEP) |[0m
[0;37m[01:45:58] [INFO] +----------+-------+--------+----------+------------+----------+[0m
[0;37m[01:45:58] [INFO] | NGC 5917 | 54.0  | 1.000  | 72.56    | -0.0257    | 73.42    |[0m
[0;37m[01:45:58] [INFO] | NGC 2608 | 87.0  | 1.000  | 76.42    | -0.0002    | 76.43    |[0m
[0;37m[01:45:58] [INFO] | Mrk 1337 | 94.0  | 1.000  | 72.42    | +0.0068    | 72.19    |[0m
[0;37m[01:45:58] [INFO] | NGC 0691 | 108.0 | 1.000  | 69.88    | +0.0223    | 69.17    |[0m
[0;37m[01:45:58] [INFO] | NGC 976  | 218.0 | 1.000  | 76.91    | +0.2190    | 69.53    |[0m
[0;37m[01:45:58] [INFO] +----------+-------+--------+----------+------------+----------+[0m
[0;37m[01:45:58] [INFO] ------------------------------------------------------------[0m
[1;32m[01:45:58] [SUCCESS] UNIFIED H0 (Statistical): 70.42 +/- 1.10 km/s/Mpc[0m
[0;37m[01:45:58] [INFO] Note: This error (SEM) assumes κ_Cep is fixed/known perfectly.[0m
[0;37m[01:45:58] [INFO] ------------------------------------------------------------[0m
[0;37m[01:45:58] [INFO] Optimizing TEP Coupling (κ_Cep)...[0m
[0;37m[01:45:58] [INFO] Optimization converged: True[0m
[1;32m[01:45:58] [SUCCESS] Optimal Observable Response Coefficient (κ_Cep): 5.010e+05 mag[0m
[0;37m[01:45:58] [INFO] Mean effective coupling (κ_Cep·⟨S⟩): 5.010e+05[0m
[0;37m[01:45:58] [INFO] Optimizing TEP Coupling (κ_Cep)...[0m
[0;37m[01:45:58] [INFO] Optimization converged: True[0m
[1;32m[01:45:58] [SUCCESS] Optimal Observable Response Coefficient (κ_Cep): 4.918e+05 mag[0m
[0;37m[01:45:58] [INFO] Mean effective coupling (κ_Cep·⟨S⟩): 4.918e+05[0m
[0;37m[01:45:58] [INFO] Optimizing TEP Coupling (κ_Cep)...[0m
[0;37m[01:45:58] [INFO] Optimization converged: True[0m
[1;32m[01:45:58] [SUCCESS] Optimal Observable Response Coefficient (κ_Cep): 4.958e+05 mag[0m
[0;37m[01:45:58] [INFO] Mean effective coupling (κ_Cep·⟨S⟩): 4.958e+05[0m
[0;37m[01:45:58] [INFO] Optimizing TEP Coupling (κ_Cep)...[0m
[0;37m[01:45:58] [INFO] Optimization converged: True[0m
[1;32m[01:45:58] [SUCCESS] Optimal Observable Response Coefficient (κ_Cep): 4.483e+05 mag[0m
[0;37m[01:45:58] [INFO] Mean effective coupling (κ_Cep·⟨S⟩): 4.483e+05[0m
[0;37m[01:45:58] [INFO] Optimizing TEP Coupling (κ_Cep)...[0m
[0;37m[01:45:58] [INFO] Optimization converged: True[0m
[1;32m[01:45:58] [SUCCESS] Optimal Observable Response Coefficient (κ_Cep): 4.792e+05 mag[0m
[0;37m[01:45:58] [INFO] Mean effective coupling (κ_Cep·⟨S⟩): 4.792e+05[0m
[0;37m[01:45:58] [INFO] Optimizing TEP Coupling (κ_Cep)...[0m
[0;37m[01:45:58] [INFO] Optimization converged: True[0m
[1;32m[01:45:58] [SUCCESS] Optimal Observable Response Coefficient (κ_Cep): 5.283e+05 mag[0m
[0;37m[01:45:58] [INFO] Mean effective coupling (κ_Cep·⟨S⟩): 5.283e+05[0m
[0;37m[01:45:58] [INFO] Optimizing TEP Coupling (κ_Cep)...[0m
[0;37m[01:45:58] [INFO] Optimization converged: True[0m
[1;32m[01:45:58] [SUCCESS] Optimal Observable Response Coefficient (κ_Cep): 5.702e+05 mag[0m
[0;37m[01:45:58] [INFO] Mean effective coupling (κ_Cep·⟨S⟩): 5.702e+05[0m
[0;37m[01:45:58] [INFO] Optimizing TEP Coupling (κ_Cep)...[0m
[0;37m[01:45:58] [INFO] Optimization converged: True[0m
[1;32m[01:45:58] [SUCCESS] Optimal Observable Response Coefficient (κ_Cep): 4.930e+05 mag[0m
[0;37m[01:45:58] [INFO] Mean effective coupling (κ_Cep·⟨S⟩): 4.930e+05[0m
[0;37m[01:45:58] [INFO] Optimizing TEP Coupling (κ_Cep)...[0m
[0;37m[01:45:58] [INFO] Optimization converged: True[0m
[1;32m[01:45:58] [SUCCESS] Optimal Observable Response Coefficient (κ_Cep): 5.116e+05 mag[0m
[0;37m[01:45:58] [INFO] Mean effective coupling (κ_Cep·⟨S⟩): 5.116e+05[0m
[0;37m[01:45:58] [INFO] Optimizing TEP Coupling (κ_Cep)...[0m
[0;37m[01:45:58] [INFO] Optimization converged: True[0m
[1;32m[01:45:58] [SUCCESS] Optimal Observable Response Coefficient (κ_Cep): 4.498e+05 mag[0m
[0;37m[01:45:58] [INFO] Mean effective coupling (κ_Cep·⟨S⟩): 4.498e+05[0m
[0;37m[01:45:58] [INFO] Optimizing TEP Coupling (κ_Cep)...[0m
[0;37m[01:45:58] [INFO] Optimization converged: True[0m
[1;32m[01:45:58] [SUCCESS] Optimal Observable Response Coefficient (κ_Cep): 4.410e+05 mag[0m
[0;37m[01:45:58] [INFO] Mean effective coupling (κ_Cep·⟨S⟩): 4.410e+05[0m
[0;37m[01:45:58] [INFO] Optimizing TEP Coupling (κ_Cep)...[0m
[0;37m[01:45:58] [INFO] Optimization converged: True[0m
[1;32m[01:45:58] [SUCCESS] Optimal Observable Response Coefficient (κ_Cep): 5.377e+05 mag[0m
[0;37m[01:45:58] [INFO] Mean effective coupling (κ_Cep·⟨S⟩): 5.377e+05[0m
[0;37m[01:45:58] [INFO] Optimizing TEP Coupling (κ_Cep)...[0m
[0;37m[01:45:58] [INFO] Optimization converged: True[0m
[1;32m[01:45:58] [SUCCESS] Optimal Observable Response Coefficient (κ_Cep): 5.022e+05 mag[0m
[0;37m[01:45:58] [INFO] Mean effective coupling (κ_Cep·⟨S⟩): 5.022e+05[0m
[0;37m[01:45:58] [INFO] Optimizing TEP Coupling (κ_Cep)...[0m
[0;37m[01:45:58] [INFO] Optimization converged: True[0m
[1;32m[01:45:58] [SUCCESS] Optimal Observable Response Coefficient (κ_Cep): 5.471e+05 mag[0m
[0;37m[01:45:58] [INFO] Mean effective coupling (κ_Cep·⟨S⟩): 5.471e+05[0m
[0;37m[01:45:58] [INFO] Optimizing TEP Coupling (κ_Cep)...[0m
[0;37m[01:45:58] [INFO] Optimization converged: True[0m
[1;32m[01:45:58] [SUCCESS] Optimal Observable Response Coefficient (κ_Cep): 4.926e+05 mag[0m
[0;37m[01:45:58] [INFO] Mean effective coupling (κ_Cep·⟨S⟩): 4.926e+05[0m
[0;37m[01:45:58] [INFO] Optimizing TEP Coupling (κ_Cep)...[0m
[0;37m[01:45:58] [INFO] Optimization converged: True[0m
[1;32m[01:45:58] [SUCCESS] Optimal Observable Response Coefficient (κ_Cep): 5.193e+05 mag[0m
[0;37m[01:45:58] [INFO] Mean effective coupling (κ_Cep·⟨S⟩): 5.193e+05[0m
[0;37m[01:45:58] [INFO] Optimizing TEP Coupling (κ_Cep)...[0m
[0;37m[01:45:58] [INFO] Optimization converged: True[0m
[1;32m[01:45:58] [SUCCESS] Optimal Observable Response Coefficient (κ_Cep): 4.088e+05 mag[0m
[0;37m[01:45:58] [INFO] Mean effective coupling (κ_Cep·⟨S⟩): 4.088e+05[0m
[1;32m[01:45:58] [SUCCESS] Saved redshift cut sensitivity results to /Users/matthewsmawfield/www/Temporal Equivalence Principle/TEP-H0/results/outputs/step_08_redshift_cut_sensitivity.txt[0m
[0;37m[01:45:58] [INFO] Injection MC: forward-model z-cut stability[0m
[1;32m[01:46:00] [SUCCESS] Saved injection MC results to /Users/matthewsmawfield/www/Temporal Equivalence Principle/TEP-H0/results/outputs/step_08_injection_mc.json[0m
[0;37m[01:46:00] [INFO] Redshift Cut Sensitivity (TEP Correction Stability)[0m
[0;37m[01:46:00] [INFO] +--------+----+-----------+------------+---------+----------+--------------+------+[0m
[0;37m[01:46:00] [INFO] | z_cut  | N  | Pearson r | Spearman ρ | Corr H0 | LOOCV H0 | κ_Cep (10^6) | ΔBIC |[0m
[0;37m[01:46:00] [INFO] +--------+----+-----------+------------+---------+----------+--------------+------+[0m
[0;37m[01:46:00] [INFO] | 0.0000 | 37 | 0.501     | 0.553      | 65.80   | 65.62    | 1.2705       | 4.56 |[0m
[0;37m[01:46:00] [INFO] | 0.0035 | 30 | 0.478     | 0.537      | 68.50   | 68.36    | 0.8466       | 2.92 |[0m
[0;37m[01:46:00] [INFO] | 0.0040 | 29 | 0.556     | 0.555      | 69.32   | 69.15    | 0.8067       | 4.69 |[0m
[0;37m[01:46:00] [INFO] | 0.0050 | 24 | 0.436     | 0.352      | 70.68   | 70.61    | 0.5043       | 1.42 |[0m
[0;37m[01:46:00] [INFO] | 0.0070 | 17 | 0.519     | 0.397      | 70.42   | 70.34    | 0.4929       | 2.33 |[0m
[0;37m[01:46:00] [INFO] +--------+----+-----------+------------+---------+----------+--------------+------+[0m
[0;37m[01:46:00] [INFO] Flow/Environment Confound Robustness...[0m
[1;32m[01:46:04] [SUCCESS] Saved flow/environment robustness results to /Users/matthewsmawfield/www/Temporal Equivalence Principle/TEP-H0/results/outputs/step_08_flow_environment_robustness.txt[0m
[0;37m[01:46:04] [INFO] Flow + Environment Controls[0m
[0;37m[01:46:04] [INFO] +-----------------------------+-----------+---------+----+[0m
[0;37m[01:46:04] [INFO] | Test                        | Statistic | p-value | N  |[0m
[0;37m[01:46:04] [INFO] +-----------------------------+-----------+---------+----+[0m
[0;37m[01:46:04] [INFO] | Baseline r(H0,Sigma)        | 0.501     | 0.0012  | 37 |[0m
[0;37m[01:46:04] [INFO] | Partial r(H0,Sigma|z)       | 0.375     | 0.0244  | 37 |[0m
[0;37m[01:46:04] [INFO] | Partial r(H0,Sigma|z,Nmb)   | 0.405     | 0.0158  | 37 |[0m
[0;37m[01:46:04] [INFO] | Partial r(H0,Sigma|z,logpK) | 0.513     | 0.0027  | 34 |[0m
[0;37m[01:46:04] [INFO] +-----------------------------+-----------+---------+----+[0m
[0;37m[01:46:04] [INFO] Peculiar-Velocity Monte Carlo...[0m
[1;32m[01:46:06] [SUCCESS] Saved peculiar-velocity MC results to /Users/matthewsmawfield/www/Temporal Equivalence Principle/TEP-H0/results/outputs/step_08_peculiar_velocity_mc.json[0m
[0;37m[01:46:06] [INFO] Peculiar-Velocity Monte Carlo[0m
[0;37m[01:46:06] [INFO] +------------+-------+----------------+--------+[0m
[0;37m[01:46:06] [INFO] | Test       | ⟨r⟩   | 95% CI         | P(r≤0) |[0m
[0;37m[01:46:06] [INFO] +------------+-------+----------------+--------+[0m
[0;37m[01:46:06] [INFO] | PV only    | 0.317 | [0.041, 0.519] | 0.0124 |[0m
[0;37m[01:46:06] [INFO] | Joint PV+σ | 0.319 | [0.041, 0.516] | 0.0108 |[0m
[0;37m[01:46:06] [INFO] +------------+-------+----------------+--------+[0m
[0;37m[01:46:06] [INFO] Provenance-Aware Errors-in-Variables Model[0m
[0;37m[01:46:06] [INFO] +--------------------+-----------+-----------+---+---+[0m
[0;37m[01:46:06] [INFO] | Parameter          | Estimate  | SE        | t | p |[0m
[0;37m[01:46:06] [INFO] +--------------------+-----------+-----------+---+---+[0m
[0;37m[01:46:06] [INFO] | β0 (intercept)     | 82.30     | 0.00      | - | - |[0m
[0;37m[01:46:06] [INFO] | β1 (X_TEP slope)   | 4.553e+08 | 0.000e+00 | - | - |[0m
[0;37m[01:46:06] [INFO] | γ_HI (HI offset)   | 7.59      | 0.00      | - | - |[0m
[0;37m[01:46:06] [INFO] | γ_rot (rot offset) | 0.00      | 0.00      | - | - |[0m
[0;37m[01:46:06] [INFO] +--------------------+-----------+-----------+---+---+[0m
[0;37m[01:46:06] [INFO] Method counts: stellar=18, HI=19, rot=0[0m
[0;37m[01:46:06] [INFO] Mean X_TEP uncertainty from σ error: HI=1.84e-08, rot=N/A[0m
[1;32m[01:46:06] [SUCCESS] Step 4 Complete.[0m
