[0;37m[01:46:09] [INFO] [0m
[0;37m[01:46:09] [INFO] ================================================================================[0m
[0;37m[01:46:09] [INFO]    Starting Step 5: M31 Analysis[0m
[0;37m[01:46:09] [INFO] ================================================================================[0m
[0;37m[01:46:09] [INFO] [0m
[0;37m[01:46:09] [INFO] Initiating M31 Differential Analysis[0m
[0;34m[01:46:09] [PROCESS] Fetching M31 Cepheid data (Kodric et al. 2018)...[0m
[0;37m[01:46:09] [INFO] Retrieved main table.[0m
[1;32m[01:46:09] [SUCCESS] Retrieved 5356 Cepheids from Vizier.[0m
[0;37m[01:46:09] [INFO] Calculating Galactocentric Properties...[0m
[0;37m[01:46:09] [INFO] Radial Range: 0.6 - 93.5 kpc[0m
[0;37m[01:46:09] [INFO] M31 Subsamples[0m
[0;37m[01:46:09] [INFO] +--------+--------------+---------------------------+--------------+[0m
[0;37m[01:46:09] [INFO] | Region | Radius (kpc) | Mean Density (M_sun/pc^3) | N (Cepheids) |[0m
[0;37m[01:46:09] [INFO] +--------+--------------+---------------------------+--------------+[0m
[0;37m[01:46:09] [INFO] | Inner  | < 5.0        | 0.3092                    | 153          |[0m
[0;37m[01:46:09] [INFO] | Outer  | > 15.0       | 0.0060                    | 919          |[0m
[0;37m[01:46:09] [INFO] +--------+--------------+---------------------------+--------------+[0m
[0;37m[01:46:09] [INFO] Screening Threshold Summary (rho_trans=0.5 M_sun/pc^3)[0m
[0;37m[01:46:09] [INFO] +------------+--------------+---------------------------+-----+--------------+--------------+[0m
[0;37m[01:46:09] [INFO] | Region     | Cut          | Mean Density (M_sun/pc^3) | N   | N(ρ>ρ_trans) | f(ρ>ρ_trans) |[0m
[0;37m[01:46:09] [INFO] +------------+--------------+---------------------------+-----+--------------+--------------+[0m
[0;37m[01:46:09] [INFO] | Inner      | R < 5.0 kpc  | 0.3092                    | 153 | 14           | 0.092        |[0m
[0;37m[01:46:09] [INFO] | Inner core | R < 1.0 kpc  | 2.1591                    | 5   | 5            | 1.000        |[0m
[0;37m[01:46:09] [INFO] | Outer      | R > 15.0 kpc | 0.0060                    | 919 | 0            | 0.000        |[0m
[0;37m[01:46:09] [INFO] +------------+--------------+---------------------------+-----+--------------+--------------+[0m
[0;37m[01:46:09] [INFO] Fitting Period-Luminosity Relations...[0m
[0;37m[01:46:09] [INFO] P-L Fit Results (W = a + b*logP)[0m
[0;37m[01:46:09] [INFO] +--------+---------------+--------+---------------+[0m
[0;37m[01:46:09] [INFO] | Region | Intercept (a) | Error  | Slope (Fixed) |[0m
[0;37m[01:46:09] [INFO] +--------+---------------+--------+---------------+[0m
[0;37m[01:46:09] [INFO] | Inner  | 24.4306       | 0.1256 | -3.3          |[0m
[0;37m[01:46:09] [INFO] | Outer  | 24.0746       | 0.0516 | -3.3          |[0m
[0;37m[01:46:09] [INFO] | Offset | +0.3560       | 0.1357 | -             |[0m
[0;37m[01:46:09] [INFO] +--------+---------------+--------+---------------+[0m
[0;37m[01:46:09] [INFO] Detected Offset (Inner - Outer): +0.3560 mag (2.6 sigma)[0m
[1;32m[01:46:09] [SUCCESS] Conclusion: significant environmental P-L offset detected.[0m
[1;32m[01:46:09] [SUCCESS] Saved results to /Users/matthewsmawfield/www/Temporal Equivalence Principle/TEP-H0/results/outputs/step_10_m31_results.csv[0m
[0;37m[01:46:09] [INFO] Running M31 robustness suite (matched subsamples and sensitivity tests)...[0m
[0;34m[01:46:09] [PROCESS] Fetching PHAT footprint for spatial restriction...[0m
[0;37m[01:46:09] [INFO] Identified 1683 Cepheids within PHAT footprint.[0m
[0;37m[01:46:09] [INFO] PHAT-restricted Offset: +0.6304 +/- 0.1948 mag[0m
[0;37m[01:47:32] [INFO] Inferred Wesenheit form: anchor='i', R0=2.88 (MAD score: i=0.005, r=0.005)[0m
[1;32m[01:47:32] [SUCCESS] Saved robustness summary to /Users/matthewsmawfield/www/Temporal Equivalence Principle/TEP-H0/results/outputs/step_10_m31_robustness_summary.csv[0m
[1;32m[01:47:32] [SUCCESS] Saved robustness summary JSON to /Users/matthewsmawfield/www/Temporal Equivalence Principle/TEP-H0/results/outputs/step_10_m31_robustness_summary.json[0m
[0;37m[01:47:32] [INFO] Note: multidimensional matched tests (logP+color, logP+eW, MV match) are retained as diagnostics only.[0m
[0;37m[01:47:32] [INFO]   Under TEP, time dilation alters the observed period but preserves the intrinsic photometric color.[0m
[0;37m[01:47:32] [INFO]   Matching Cepheids on both observed period AND color forces the selection of intrinsically dissimilar stars,[0m
[0;37m[01:47:32] [INFO]   fundamentally destroying the absolute magnitude comparison and artificially hiding the TEP signal.[0m
[0;37m[01:47:32] [INFO]   The quality-equated bands equate the measurement regime directly without pair-matching on e_W.[0m
[0;37m[01:47:32] [INFO] M31 Differential Robustness Summary[0m
[0;37m[01:47:32] [INFO] +---------------------+------+-------+-----------+-------------+---------+--------------------+[0m
[0;37m[01:47:32] [INFO] | Test                | N_in | N_out | N_matched | Delta (mag) | Std/Err | Central 68%        |[0m
[0;37m[01:47:32] [INFO] +---------------------+------+-------+-----------+-------------+---------+--------------------+[0m
[0;37m[01:47:32] [INFO] | Baseline            | 153  | 919   | -         | +0.3560     | 0.1357  | -                  |[0m
[0;37m[01:47:32] [INFO] | Matched logP        | 153  | 919   | 152.0     | +0.2529     | 0.1615  | [+0.1029, +0.4130] |[0m
[0;37m[01:47:32] [INFO] | Matched logP+eW     | 153  | 919   | 150.0     | -0.1030     | 0.1289  | [-0.2228, +0.0267] |[0m
[0;37m[01:47:32] [INFO] | QE below_pooled_p25 | 19   | 249   | -         | +0.4212     | 0.2134  | [+0.2077, +0.6413] |[0m
[0;37m[01:47:32] [INFO] | QE below_pooled_p50 | 62   | 473   | -         | +0.3955     | 0.1750  | [+0.2237, +0.5707] |[0m
[0;37m[01:47:32] [INFO] | QE below_pooled_p75 | 112  | 690   | -         | +0.4885     | 0.1539  | [+0.3402, +0.6437] |[0m
[0;37m[01:47:32] [INFO] | QE above_pooled_p50 | 90   | 445   | -         | +0.1050     | 0.1858  | [-0.0673, +0.2925] |[0m
[0;37m[01:47:32] [INFO] | OLS inner (ctrl)    | 153  | 919   | -         | +0.1587     | 0.1156  | -                  |[0m
[0;37m[01:47:32] [INFO] | Metallicity γ req   | 153  | 919   | -         | +0.741      | -       | -                  |[0m
[0;37m[01:47:32] [INFO] +---------------------+------+-------+-----------+-------------+---------+--------------------+[0m
[0;34m[01:47:32] [PROCESS] Generating Differential P-L Plot...[0m
[0;34m[01:47:32] [PROCESS] Generating M31 robustness plot...[0m
[1;32m[01:47:34] [SUCCESS] Step 5 Complete.[0m
