[01:51:17] [SECTION] Step 43: Toy Recovery Experiment (Step 34 vs Velocity-Space)[0m
[0;37m[01:51:17] [INFO] Loading SH0ES Data...[0m
[0;37m[01:51:17] [INFO] Design matrix shape: (3490, 46)[0m
[0;37m[01:51:17] [INFO] Data vector length: 3490[0m
[0;37m[01:51:18] [INFO] Covariance matrix shape: (3490, 3490)[0m
[0;37m[01:51:18] [INFO] Number of parameters: 46[0m
[0;37m[01:51:18] [INFO] Loading Host Metadata...[0m
[0;37m[01:51:18] [INFO] Loaded 42 hosts[0m
[0;37m[01:51:18] [INFO] Mapped M1337 -> Mrk1337[0m
[0;37m[01:51:18] [INFO] Mapped N105A -> N105[0m
[0;37m[01:51:18] [INFO] Mapped N976A -> N976[0m
[0;37m[01:51:18] [INFO] Created 122 name mappings[0m
[0;37m[01:51:18] [INFO] Calculating Effective Calibrator Sigma...[0m
[1;32m[01:51:18] [SUCCESS] Anchor active-response scale: 30.51 km/s[0m
[0;37m[01:51:18] [INFO] Injected kappa_Cep (latent-modulus-equivalent): 6.987e+05 mag[0m
[0;37m[01:51:18] [INFO] Recovered Step-34 kappa_Cep: -9.329e-08 +/- 3.706e+05 mag[0m
[0;37m[01:51:18] [INFO] Injected Gamma_X: 2.350e+07[0m
[0;37m[01:51:18] [INFO] Recovered Gamma_X: 2.475e+07 +/- 1.809e+07[0m
[1;32m[01:51:18] [SUCCESS] Saved toy recovery JSON: /Users/matthewsmawfield/www/Temporal Equivalence Principle/TEP-H0/results/outputs/step_43_toy_recovery_experiment.json[0m
[1;32m[01:51:18] [SUCCESS] Saved toy recovery figure: /Users/matthewsmawfield/www/Temporal Equivalence Principle/TEP-H0/results/figures/step_43_figure_01_toy_recovery_experiment.png[0m
[1;32m[01:51:18] [SUCCESS] Copied figure to: /Users/matthewsmawfield/www/Temporal Equivalence Principle/TEP-H0/site/public/figures/step_43_figure_01_toy_recovery_experiment.png[0m
