[18:29:07] [INFO] 
[18:29:07] [INFO] ================================================================================
[18:29:07] [INFO]    Starting Step 4b: Aperture Sensitivity Analysis
[18:29:07] [INFO] ================================================================================
[18:29:07] [INFO] 
[18:29:07] [INFO] Using master sigma catalog for provenance: /Users/matthewsmawfield/www/Temporal Equivalence Principle/TEP-H0/data/raw/external/velocity_dispersions_literature.csv
[18:29:07] [SUCCESS] Saved sigma provenance table to /Users/matthewsmawfield/www/Temporal Equivalence Principle/TEP-H0/results/outputs/step_07_sigma_provenance_table.csv
[18:29:07] [INFO] Analyzing 37 hosts with both Raw and Corrected data.
[18:29:07] [SUCCESS] Saved aperture sensitivity grid to /Users/matthewsmawfield/www/Temporal Equivalence Principle/TEP-H0/results/outputs/step_07_aperture_sensitivity_grid.csv
[18:29:07] [SUCCESS] Saved aperture sensitivity summary to /Users/matthewsmawfield/www/Temporal Equivalence Principle/TEP-H0/results/outputs/step_07_aperture_sensitivity_summary.json
[18:29:07] [INFO] Sensitivity Results
[18:29:07] [INFO] +-----------------+-------------------------+-----------------------+
[18:29:07] [INFO] | Metric          | Raw Sigma (Uncorrected) | Corrected Sigma (Ref) |
[18:29:07] [INFO] +-----------------+-------------------------+-----------------------+
[18:29:07] [INFO] | Correlation (r) | 0.2414                  | 0.2414                |
[18:29:07] [INFO] | P-value         | 1.5012e-01              | 1.5012e-01            |
[18:29:07] [INFO] | Significance    | Weak                    | Significant (>99%)    |
[18:29:07] [INFO] +-----------------+-------------------------+-----------------------+
[18:29:07] [INFO] Conclusion: aperture corrections significantly alter the signal.
[18:29:07] [PROCESS] Generating sensitivity plot...
[18:29:07] [SUCCESS] Step 4b Complete.
