[01:48:03] [INFO] 
[01:48:03] [INFO] ================================================================================
[01:48:03] [INFO]    >>> STEP 17: Primary TEP regressor audit
[01:48:03] [INFO] ================================================================================
[01:48:03] [INFO] 
[01:48:03] [INFO] Regressor comparison (sorted by |Pearson r|):
[01:48:03] [INFO] TEP Regressor Audit
[01:48:03] [INFO] +------------------+----+-----------+--------+------------+--------+---------+
[01:48:03] [INFO] | Regressor        | N  | Pearson r | p      | Spearman ρ | p      | Scatter |
[01:48:03] [INFO] +------------------+----+-----------+--------+------------+--------+---------+
[01:48:03] [INFO] | sigma            | 37 | 0.501     | 0.0016 | 0.553      | 0.0004 | 8.20    |
[01:48:03] [INFO] | z_hd             | 37 | 0.471     | 0.0033 | 0.452      | 0.0050 | 8.36    |
[01:48:03] [INFO] | sigma_sq         | 37 | 0.445     | 0.0058 | 0.553      | 0.0004 | 8.48    |
[01:48:03] [INFO] | S_total_sigma_sq | 37 | 0.440     | 0.0065 | 0.493      | 0.0019 | 8.51    |
[01:48:03] [INFO] | TEP_full         | 37 | 0.440     | 0.0065 | 0.493      | 0.0019 | 8.51    |
[01:48:03] [INFO] | S_local_sigma_sq | 37 | 0.397     | 0.0151 | 0.448      | 0.0054 | 8.70    |
[01:48:03] [INFO] | m_b_corr         | 37 | 0.321     | 0.0531 | 0.226      | 0.1792 | 8.97    |
[01:48:03] [INFO] | host_logmass     | 37 | 0.300     | 0.0715 | 0.372      | 0.0233 | 9.04    |
[01:48:03] [INFO] | sigma_shuffled   | 37 | -0.161    | 0.3422 | -0.253     | 0.1311 | 9.35    |
[01:48:03] [INFO] +------------------+----+-----------+--------+------------+--------+---------+
[01:48:03] [SUCCESS] Best TEP regressor: S_total_sigma_sq (r=0.440, p=0.0065)
[01:48:03] [SUCCESS] Step 17 complete
