[18:29:07] [INFO] 
[18:29:07] [INFO] ================================================================================
[18:29:07] [INFO]    Starting Step 4: Robustness Checks
[18:29:07] [INFO] ================================================================================
[18:29:07] [INFO] 
[18:29:07] [INFO] Initiating Jackknife Analysis...
[18:29:07] [INFO] Loaded 37 hosts for Jackknife stability test.
[18:29:26] [INFO] Bayesian Model Comparison
[18:29:26] [INFO] Model Comparison
[18:29:26] [INFO] +------------------------------------+----------+---------+------+----------------------------------+
[18:29:26] [INFO] | Likelihood                         | Null BIC | TEP BIC | ΔBIC | Interpretation                   |
[18:29:26] [INFO] +------------------------------------+----------+---------+------+----------------------------------+
[18:29:26] [INFO] | diagonal host scatter              | 32.8     | 35.0    | -2.2 | exploratory / host scatter       |
[18:29:26] [INFO] | full covariance GLS slope          | 32.8     | 35.0    | -2.2 | free intercept; matches contrast |
[18:29:26] [INFO] | projected host-contrast covariance | 32.8     | 35.0    | -2.2 | primary environmental evidence   |
[18:29:26] [INFO] +------------------------------------+----------+---------+------+----------------------------------+
[18:29:26] [INFO] Projected Δχ² = 1.38; ΔBIC = -2.23 (headline)
[18:29:26] [INFO] WLS-implied κ_Cep = 3.681e+05 mag (Step 3 fitted 8.495e+05)
[18:29:26] [INFO] Correlation Tests (H0 vs Sigma)
[18:29:26] [INFO] +------------------+-----------+-----------+-----------------------------------------------------+
[18:29:26] [INFO] | Test             | Statistic | p-value   | Interpretation                                      |
[18:29:26] [INFO] +------------------+-----------+-----------+-----------------------------------------------------+
[18:29:26] [INFO] | Pearson r        | 0.2414    | 0.1501    | Parametric                                          |
[18:29:26] [INFO] | Spearman ρ       | 0.1877    | 0.2660    | Non-parametric (rank)                               |
[18:29:26] [INFO] | Bootstrap p      | -         | 0.1577    | Permutation (N=10000)                               |
[18:29:26] [INFO] | GLS slope        | 1.755     | 0.0880    | Covariance-aware Wald test                          |
[18:29:26] [INFO] | Pearson p (cov)  | 0.2414    | 0.1623    | Parametric MVN null                                 |
[18:29:26] [INFO] | Spearman p (cov) | 0.1877    | 0.2619    | Parametric MVN null                                 |
[18:29:26] [INFO] | Bayes factor     | 0.3       | ΔBIC=-2.2 | not worth more than a bare mention evidence for TEP |
[18:29:26] [INFO] +------------------+-----------+-----------+-----------------------------------------------------+
[18:29:26] [SUCCESS] Saved covariance-aware results to /Users/matthewsmawfield/www/Temporal Equivalence Principle/TEP-H0/results/outputs/step_08_covariance_robustness.json
[18:29:26] [INFO] Bootstrap p = 0.1577: Correlation is not significant.
[18:29:27] [INFO] Jackknife Range: r in [0.1722, 0.3186]
[18:29:27] [INFO] Conclusion: correlation is somewhat fragile.
[18:29:27] [INFO] Most Influential Hosts (Supports Trend)
[18:29:27] [INFO] +----------+-------------+---------+
[18:29:27] [INFO] | Host     | r (without) | Delta r |
[18:29:27] [INFO] +----------+-------------+---------+
[18:29:27] [INFO] | NGC 4424 | 0.1722      | -0.0692 |
[18:29:27] [INFO] | NGC 976  | 0.1857      | -0.0557 |
[18:29:27] [INFO] | NGC 3147 | 0.1906      | -0.0507 |
[18:29:27] [INFO] +----------+-------------+---------+
[18:29:27] [PROCESS] Generating Jackknife influence plot...
[18:29:27] [INFO] Initiating Out-of-Sample Validation (kappa_cep)
[18:29:27] [INFO] Out-of-Sample Validation Summary
[18:29:27] [INFO] +------------+------------------------+-------------------------+
[18:29:27] [INFO] | Validation | Metric                 | Value                   |
[18:29:27] [INFO] +------------+------------------------+-------------------------+
[18:29:27] [INFO] | Baseline   | Slope dH0/dsigma       | 0.0437                  |
[18:29:27] [INFO] | Baseline   | Pearson r (p)          | 0.241 (0.1501)          |
[18:29:27] [INFO] | Baseline   | Spearman rho (p)       | 0.188 (0.2660)          |
[18:29:27] [INFO] | Train/Test | kappa_cep mean ± std   | 850718.903 ± 521867.409 |
[18:29:27] [INFO] | Train/Test | test slope median      | 0.0022                  |
[18:29:27] [INFO] | Train/Test | test |r| median        | 0.321                   |
[18:29:27] [INFO] | Train/Test | test H0 mean (median)  | 66.50                   |
[18:29:27] [INFO] | LOOCV      | kappa_cep mean ± std   | 852891.087 ± 105362.934 |
[18:29:27] [INFO] | LOOCV      | pred slope dH0/dsigma  | -0.0061                 |
[18:29:27] [INFO] | LOOCV      | Pearson r (p)          | -0.033 (0.8469)         |
[18:29:27] [INFO] | LOOCV      | Spearman rho (p)       | -0.065 (0.7004)         |
[18:29:27] [INFO] | LOOCV      | H0 mean ± SEM          | 66.47 ± 1.61            |
[18:29:27] [INFO] | LOOCV      | Planck tension (sigma) | 0.55                    |
[18:29:27] [INFO] +------------+------------------------+-------------------------+
[18:29:27] [SUCCESS] Saved out-of-sample validation to /Users/matthewsmawfield/www/Temporal Equivalence Principle/TEP-H0/results/outputs/step_08_out_of_sample_validation.json
[18:29:27] [INFO] Initiating Bivariate Analysis...
[18:29:27] [INFO] Loaded 37 hosts for Bivariate Analysis.
[18:29:27] [INFO] Bivariate Analysis Results
[18:29:27] [INFO] +----------------------+------------------+-------------+---------+
[18:29:27] [INFO] | Relation             | Correlation Type | Coefficient | p-value |
[18:29:27] [INFO] +----------------------+------------------+-------------+---------+
[18:29:27] [INFO] | H0 vs Sigma          | Pearson (Raw)    | 0.241       | 0.1501  |
[18:29:27] [INFO] | H0 vs Metallicity    | Pearson (Raw)    | 0.300       | 0.0715  |
[18:29:27] [INFO] | Sigma vs Metallicity | Pearson (Raw)    | 0.699       | 0.0000  |
[18:29:27] [INFO] | H0 vs Sigma | Z      | Partial          | 0.047       | 0.7861  |
[18:29:27] [INFO] | H0 vs Z | Sigma      | Partial          | 0.189       | 0.2701  |
[18:29:27] [INFO] +----------------------+------------------+-------------+---------+
[18:29:27] [SUCCESS] Saved stats to /Users/matthewsmawfield/www/Temporal Equivalence Principle/TEP-H0/results/outputs/step_08_bivariate_stats.txt
[18:29:27] [SUCCESS] Saved bivariate plot to /Users/matthewsmawfield/www/Temporal Equivalence Principle/TEP-H0/results/figures/step_08_figure_02_bivariate_h0_sigma_metallicity.png
[18:29:27] [SUCCESS] Copied bivariate plot to /Users/matthewsmawfield/www/Temporal Equivalence Principle/TEP-H0/site/public/figures/step_08_figure_02_bivariate_h0_sigma_metallicity.png
[18:29:27] [INFO] Redshift Cut Sensitivity Scan...
