[01:41:34] [INFO] 
[01:41:34] [INFO] ================================================================================
[01:41:34] [INFO]    Starting Step 2: Stratification
[01:41:34] [INFO] ================================================================================
[01:41:34] [INFO] 
[01:41:34] [INFO] Loading and Merging Datasets...
[01:41:34] [INFO] Merged 39 galaxies (Distances + Properties).
[01:41:34] [INFO] Calculating Individual H0 Values (3-Rung Ladder)...
[01:41:34] [SUCCESS] Final Sample Size: 37 R22 SN Ia host galaxies (no redshift deletion; peculiar velocities enter the likelihood).
[01:41:34] [INFO] Sample H0 Calculations
[01:41:34] [INFO] +----------+--------+----------+---------+---------------+
[01:41:34] [INFO] | Host     | z_HD   | mu (mag) | D (Mpc) | H0 (km/s/Mpc) |
[01:41:34] [INFO] +----------+--------+----------+---------+---------------+
[01:41:34] [INFO] | M 101    | 0.0012 | 29.160   | 6.8     | 53.86         |
[01:41:34] [INFO] | Mrk 1337 | 0.0092 | 32.916   | 38.3    | 72.42         |
[01:41:34] [INFO] | NGC 0691 | 0.0086 | 32.822   | 36.7    | 69.88         |
[01:41:34] [INFO] | NGC 1015 | 0.0081 | 32.618   | 33.4    | 73.19         |
[01:41:34] [INFO] | NGC 105  | 0.0168 | 34.493   | 79.2    | 63.68         |
[01:41:34] [INFO] +----------+--------+----------+---------+---------------+
[01:41:34] [INFO] Applied Manticore vpec correction to 35/37 hosts; 2 retain Pantheon+ vpec.
[01:41:34] [INFO] Annotating Large-Scale Environment (Tully 2015 groups)...
[01:41:34] [INFO] Matched 34/37 hosts to Tully 2015 group catalog.
[01:41:34] [INFO] Estimating Host Environmental Densities & Shear Suppression...
[01:41:34] [INFO] Calculated densities for 37 hosts.
[01:41:34] [INFO] Mean Host Density: 0.1446 M_sun/pc^3
[01:41:34] [INFO] Density Range: [0.0049, 1.7591]
[01:41:34] [INFO] Mean Shear Suppression (S): 0.733
[01:41:34] [INFO] Suppression Range: [0.027, 0.940]
[01:41:34] [INFO] Hosts with appreciable shear suppression (S < 0.8, N=13):
[01:41:34] [INFO]   - NGC 0691: rho=0.046, S=0.600
[01:41:34] [INFO]   - NGC 1365: rho=0.009, S=0.129
[01:41:34] [INFO]   - NGC 1448: rho=0.102, S=0.777
[01:41:34] [INFO]   - NGC 2442: rho=1.759, S=0.045
[01:41:34] [INFO]   - NGC 3021: rho=0.256, S=0.692
[01:41:34] [INFO]   - NGC 3147: rho=1.288, S=0.098
[01:41:34] [INFO]   - NGC 3254: rho=0.017, S=0.749
[01:41:34] [INFO]   - NGC 3972: rho=0.059, S=0.094
[01:41:34] [INFO]   - NGC 3982: rho=0.179, S=0.085
[01:41:34] [INFO]   - NGC 4424: rho=0.040, S=0.027
[01:41:34] [INFO]   - NGC 4536: rho=0.005, S=0.750
[01:41:34] [INFO]   - NGC 5643: rho=0.246, S=0.757
[01:41:34] [INFO]   - NGC 976: rho=0.231, S=0.667
[01:41:34] [INFO] Stratification Analysis (Low vs High Potential)
[01:41:34] [INFO] Stratified H0 Results
[01:41:34] [INFO] +----------------+-------------+----+---------+---------+
[01:41:34] [INFO] | Bin            | Sigma Range | N  | Mean H0 | Std Err |
[01:41:34] [INFO] +----------------+-------------+----+---------+---------+
[01:41:34] [INFO] | Low Potential  | <= 95.0     | 19 | 63.05   | 3.06    |
[01:41:34] [INFO] | High Potential | > 95.0      | 18 | 72.64   | 2.62    |
[01:41:34] [INFO] | Difference     | -           | -  | +9.59   | -       |
[01:41:34] [INFO] +----------------+-------------+----+---------+---------+
[01:41:34] [INFO] Median Velocity Dispersion: 95.00 km/s
[01:41:34] [TEST] Correlation (u_phi vs H0): r = 0.501 (p = 0.002)
[01:41:34] [TEST] Spearman rank correlation: rho = 0.553 (p = 0.000)
[01:41:34] [TEST] Weighted Pearson r = 0.520 (p = 0.007, n_eff = 25.5)
[01:41:34] [TEST] Vpec-corrected Pearson r = 0.297 (p = 0.075)
[01:41:34] [TEST] Vpec-corrected weighted r = 0.432 (p = 0.029, n_eff = 25.5)
[01:41:34] [SUCCESS] Significant Environmental Bias Detected (+9.59 km/s/Mpc)
[01:41:34] [SUCCESS] Saved stratified data to /Users/matthewsmawfield/www/Temporal Equivalence Principle/TEP-H0/results/outputs/step_03_stratified_h0.csv
[01:41:34] [SUCCESS] Saved analysis metrics to /Users/matthewsmawfield/www/Temporal Equivalence Principle/TEP-H0/results/outputs/step_03_stratification_results.json
[01:41:34] [PROCESS] Generating Diagnostic Plots...
[01:41:34] [SUCCESS] Saved plot to /Users/matthewsmawfield/www/Temporal Equivalence Principle/TEP-H0/results/figures/step_03_figure_01_h0_vs_sigma.png
[01:41:34] [SUCCESS] Copied plot to /Users/matthewsmawfield/www/Temporal Equivalence Principle/TEP-H0/site/public/figures/step_03_figure_01_h0_vs_sigma.png
[01:41:34] [SUCCESS] Step 2 Complete.
