[16:14:26] [INFO] 
[16:14:26] [INFO] ================================================================================
[16:14:26] [INFO]    Full-Ladder Likelihood Analysis
[16:14:26] [INFO] ================================================================================
[16:14:26] [INFO] 
[16:14:26] [INFO] Loading SH0ES Data...
[16:14:26] [INFO] Design matrix shape: (3490, 46)
[16:14:26] [INFO] Data vector length: 3490
[16:14:27] [INFO] Covariance matrix shape: (3490, 3490)
[16:14:27] [INFO] Number of parameters: 46
[16:14:27] [INFO] Loading Host Metadata...
[16:14:27] [INFO] Loaded 44 hosts
[16:14:27] [INFO] Mapped M1337 -> N1337
[16:14:27] [INFO] Mapped N105A -> N105
[16:14:27] [INFO] Mapped N976A -> N976
[16:14:27] [INFO] Created 122 name mappings
[16:14:27] [INFO] Calculating Effective Calibrator Sigma...
[16:14:27] [SUCCESS] Effective sigma_ref: 87.17 km/s
[16:14:27] [INFO] Running Baseline SH0ES Fit...
[16:14:27] [INFO] Using Cholesky-whitened GLS (numerically stable)
[16:14:27] [SUCCESS] Baseline H0: 73.04 +/- 1.01 km/s/Mpc
[16:14:27] [INFO] Baseline Chi2/dof: 1.03
[16:14:27] [INFO] Stage 1: Summary-Likelihood Analysis
[16:14:27] [INFO] Fitting 38 hosts with TEP regressor
[16:14:27] [INFO] X range: [-7.799e-08, 4.708e-07]
[16:14:27] [INFO] mu range: [29.16, 34.49]
[16:14:27] [INFO] Condition number of ATWA: 1.53e+14
[16:14:27] [INFO] Baseline mu_true: 31.377 mag
[16:14:27] [SUCCESS] TEP coefficient kappa_Cep: 2.750e+06 +/- 1.098e+05 mag
[16:14:27] [INFO] Chi2/dof: 581.32
[16:14:27] [INFO] Very high chi2/dof is expected for the summary-likelihood approximation
[16:14:27] [INFO] The simple linear model mu = mu_true + kappa*X is intentionally approximate
[16:14:27] [INFO] Mean mu shift: -0.0891 mag
[16:14:27] [INFO] Stage 2: Matrix-Level Likelihood Analysis
[16:14:27] [INFO] Found 40 host distance modulus parameters
[16:14:27] [INFO] TEP column has 3209/3490 non-zero entries
[16:14:28] [INFO] Baseline H0: 73.04 +/- 1.01 km/s/Mpc
[16:14:28] [INFO] Variant A: Free kappa with full latent host distances
[16:14:28] [INFO] Row class counts:
[16:14:28] [INFO]   Anchor_prior        :    2 rows (no TEP)
[16:14:28] [INFO]   Cepheid             : 3132 rows (TEP applied)
[16:14:28] [INFO]   Other               :    2 rows (no TEP)
[16:14:28] [INFO]   SN_Hubble           :  277 rows (no TEP)
[16:14:28] [INFO]   SN_calibrator       :   77 rows (no TEP)
[16:14:28] [INFO] Host-level TEP application:
[16:14:28] [INFO] Host       Cepheid rows          X_i  TEP?
[16:14:28] [INFO] ---------------------------------------------
[16:14:28] [INFO] LMC                 482   -8.078e-08   yes
[16:14:28] [INFO] M101                259   -7.799e-08   yes
[16:14:28] [INFO] M1337                15   -5.785e-10   yes
[16:14:28] [INFO] M31                  55    9.931e-08   yes
[16:14:28] [INFO] N0691                28    3.088e-08   yes
[16:14:28] [INFO] N1015                18    3.020e-08   yes
[16:14:28] [INFO] N105A                 8   -6.294e-09   yes
[16:14:28] [INFO] N1309                53   -3.219e-09   yes
[16:14:28] [INFO] N1365                46    1.208e-07   yes
[16:14:28] [INFO] N1448                73   -6.574e-10   yes
[16:14:28] [INFO] N1559               110   -3.181e-08   yes
[16:14:28] [INFO] N2442               177    1.132e-07   yes
[16:14:28] [INFO] N2525                73   -1.702e-08   yes
[16:14:28] [INFO] N2608                22   -7.118e-09   yes
[16:14:28] [INFO] N3021                16   -5.185e-08   yes
[16:14:28] [INFO] N3147                27    4.708e-07   yes
[16:14:28] [INFO] N3254                48    4.878e-08   yes
[16:14:28] [INFO] N3370                73   -1.252e-08   yes
[16:14:28] [INFO] N3447               101   -5.477e-08   yes
[16:14:28] [INFO] N3583                54    3.281e-08   yes
[16:14:28] [INFO] N3972                52   -2.489e-08   yes
[16:14:28] [INFO] N3982                27   -6.727e-09   yes
[16:14:28] [INFO] N4038                29    2.505e-08   yes
[16:14:28] [INFO] N4258               443    2.986e-08   yes
[16:14:28] [INFO] N4424                 9   -4.288e-08   yes
[16:14:28] [INFO] N4536                40    1.541e-08   yes
[16:14:28] [INFO] N4639                30    1.887e-08   yes
[16:14:28] [INFO] N4680                11    2.805e-08   yes
[16:14:28] [INFO] N5468                93   -3.776e-08   yes
[16:14:28] [INFO] N5584               165    1.067e-08   yes
[16:14:28] [INFO] N5643               251    2.627e-08   yes
[16:14:28] [INFO] N5728                20    2.248e-07   yes
[16:14:28] [INFO] N5861                41    4.096e-08   yes
[16:14:28] [INFO] N5917                14   -5.370e-08   yes
[16:14:28] [INFO] N7250                21   -5.626e-08   yes
[16:14:28] [INFO] N7329                31    6.621e-08   yes
[16:14:28] [INFO] N7541                33   -4.204e-08   yes
[16:14:28] [INFO] N7678                16    3.235e-08   yes
[16:14:28] [INFO] N976A                33    4.189e-07   yes
[16:14:28] [INFO] U9391                33   -2.550e-08   yes
[16:14:28] [INFO] TEP column: 3130/3490 non-zero entries
[16:14:28] [INFO] X range: [-8.078e-08, 4.708e-07]
[16:14:28] [INFO] X_scaled range: [-8.078e-02, 4.708e-01]
[16:14:28] [INFO] L_aug rank: 47 (full: 47)
[16:14:28] [INFO] Parameter correlations with kappa:
[16:14:28] [INFO]   corr(kappa, MHW1    ) =  -0.167
[16:14:28] [INFO]   corr(kappa, MB      ) =  -0.241
[16:14:28] [INFO]   corr(kappa, bW      ) =   0.000
[16:14:28] [INFO]   corr(kappa, ZW      ) =   0.208
[16:14:28] [INFO]   corr(kappa, 5logH0  ) =  -0.240
[16:14:28] [INFO] Free kappa: -6.665e+04 +/- 2.103e+05 mag
[16:14:28] [INFO] Significance: 0.32 sigma
[16:14:28] [INFO] H0 (free kappa): 73.12 km/s/Mpc
[16:14:28] [INFO] Chi2/dof: 1.03
[16:14:28] [INFO] Variant B: Prior-constrained kappa
[16:14:29] [INFO] Prior kappa: 1.556e+05 +/- 1.861e+05 mag
[16:14:29] [INFO] H0 (prior): 72.86 +/- 1.03 km/s/Mpc
[16:14:29] [INFO] Chi2/dof: 1.03
[16:14:29] [INFO] Variant C: Fixed-kappa sensitivity test
[16:14:29] [INFO] Fixed kappa = 9.600e+05 mag
[16:14:29] [INFO] Baseline H0: 73.04 +/- 1.01 km/s/Mpc
[16:14:29] [SUCCESS] Fixed-kappa H0: 71.91 +/- 0.99 km/s/Mpc
[16:14:29] [INFO] Baseline Chi2/dof: 1.03
[16:14:29] [INFO] Fixed-kappa Chi2/dof: 1.04
[16:14:29] [INFO] Chi2 penalty (fixed vs baseline): 23.7407 (dof=0)
[16:14:29] [INFO] Delta AIC: 23.7407
[16:14:29] [INFO] Delta BIC: 23.7407 (not valid for model selection)
[16:14:29] [INFO] Host-Summary Reconstruction Audit
[16:14:29] [INFO] Total hosts with both published and matrix mu: 40
[16:14:29] [INFO] After anchor exclusion and z>0.0035 cut: 29
[16:14:29] [INFO] --- Paper Discovery Statistic Reproduction ---
[16:14:29] [INFO] Published H0 vs sigma:  r=+0.466 (p=0.0109), rho=+0.517
[16:14:29] [INFO] Matrix H0 vs sigma:     r=+0.466 (p=0.0109), rho=+0.517
[16:14:29] [INFO] Published mu vs sigma:  r=+0.266 (p=0.1623)
[16:14:29] [INFO] Matrix mu vs sigma:    r=+0.266 (p=0.1623)
[16:14:29] [INFO] Delta mu vs sigma:     r=+0.212 (p=0.2687)
[16:14:29] [INFO] Delta H0 vs sigma:     r=-0.195 (p=0.3107)
[16:14:29] [INFO] Manuscript claims: r=0.466, rho=0.517
[16:14:29] [SUCCESS] ✓ Published H0-sigma reproduces manuscript r within 0.1
[16:14:29] [SUCCESS] ✓ Published H0-sigma reproduces manuscript rho within 0.1
[16:14:29] [SUCCESS] ✓ Matrix-derived H0 reproduces published H0 trend
[16:14:29] [INFO] Hosts with largest H0 discrepancy (published vs matrix):
[16:14:29] [INFO]   N2525        sigma=  77.9 H0_pub=  71.47 H0_fit=  71.47 dH0=  +0.00
[16:14:29] [INFO]   N5728        sigma= 166.7 H0_pub=  77.96 H0_fit=  77.96 dH0=  +0.00
[16:14:29] [INFO]   N1365        sigma= 135.9 H0_pub=  78.65 H0_fit=  78.65 dH0=  +0.00
[16:14:29] [INFO]   U9391        sigma=  72.8 H0_pub=  61.23 H0_fit=  61.23 dH0=  +0.00
[16:14:29] [INFO]   N3147        sigma= 223.4 H0_pub=  77.93 H0_fit=  77.93 dH0=  -0.00
[16:14:29] [SUCCESS] Saved audit to /Users/matthewsmawfield/www/Temporal Equivalence Principle/TEP-H0/results/outputs/step_34_host_summary_audit.csv
[16:14:29] [SUCCESS] Saved comparison to /Users/matthewsmawfield/www/Temporal Equivalence Principle/TEP-H0/results/outputs/step_34_matrix_vs_paper_host_residuals.csv
[16:14:29] [INFO] Injection test: kappa_inj = 9.600e+05 mag
[16:14:30] [INFO] Injected:  9.600e+05
[16:14:30] [INFO] Recovered: 9.623e+05 +/- 2.103e+05
[16:14:30] [INFO] Recovery fraction: 1.002
[16:14:30] [INFO] Negative injection: injected -9.600e+05, recovered -9.624e+05
[16:14:30] [INFO] Injection Tests for All Model Classes
[16:14:31] [INFO]   cepheid_offset            kappa0_6     injected=9.600e+05 recovered=9.591e+05 frac=0.999
[16:14:31] [INFO]   sn_offset                 kappaSN_6    injected=9.600e+05 recovered=9.633e+05 frac=1.003
[16:14:31] [INFO]   cepheid_plus_sn           kappaCep_6   injected=9.600e+05 recovered=9.634e+05 frac=1.004
[16:14:31] [INFO]   cepheid_plus_sn           kappaSN_6    injected=9.600e+05 recovered=9.626e+05 frac=1.003
[16:14:31] [SUCCESS] Saved injection tests to /Users/matthewsmawfield/www/Temporal Equivalence Principle/TEP-H0/results/outputs/step_34_injection_tests_all_models.csv
[16:14:31] [INFO] Running TEP Model Grid
[16:14:41] [SUCCESS] Saved model grid to /Users/matthewsmawfield/www/Temporal Equivalence Principle/TEP-H0/results/outputs/step_34_model_grid.csv
[16:14:41] [INFO] Model Grid Summary (key results):
[16:14:41] [INFO]   cepheid_offset                      centered           H0=73.12 dchi2=0.10 kappa0_6=-6.67e+04
[16:14:41] [INFO]   cepheid_period                      centered           H0=73.60 dchi2=2.92 kappaP_6=-3.69e+05
[16:14:41] [INFO]   cepheid_offset_plus_period          centered           H0=73.53 dchi2=3.47 kappa0_6=1.88e+05 kappaP_6=-4.75e+05
[16:14:41] [INFO]   cepheid_offset_plus_metallicity     centered           H0=73.19 dchi2=0.26 kappa0_6=-6.22e+04 kappaZ_6=3.05e+05
[16:14:41] [INFO]   sn_offset                           centered           H0=73.14 dchi2=0.54 kappaSN_6=1.78e+05
[16:14:41] [INFO]   cepheid_plus_sn                     centered           H0=72.96 dchi2=0.94 kappaSN_6=4.38e+05 kappaCep_6=2.62e+05
[16:14:41] [INFO]   cepheid_offset                      centered           H0=73.14 dchi2=0.54 kappa0_6=-1.78e+05
[16:14:41] [INFO]   cepheid_period                      centered           H0=73.10 dchi2=0.21 kappaP_6=-1.52e+05
[16:14:41] [INFO]   cepheid_offset_plus_period          centered           H0=73.11 dchi2=0.80 kappa0_6=-4.43e+05 kappaP_6=3.97e+05
[16:14:41] [INFO]   cepheid_offset_plus_metallicity     centered           H0=73.17 dchi2=1.83 kappa0_6=-2.41e+05 kappaZ_6=1.65e+06
[16:14:41] [INFO]   sn_offset                           centered           H0=73.14 dchi2=0.54 kappaSN_6=1.78e+05
[16:14:41] [INFO]   cepheid_plus_sn                     centered           H0=73.14 dchi2=0.54 kappaSN_6=-1.58e+07 kappaCep_6=-1.60e+07
[16:14:41] [INFO]   cepheid_offset                      raw_sigma2         H0=73.23 dchi2=0.12 kappa0_6=-7.25e+04
[16:14:41] [INFO]   cepheid_period                      raw_sigma2         H0=73.60 dchi2=2.92 kappaP_6=-3.69e+05
[16:14:41] [INFO]   cepheid_offset_plus_period          raw_sigma2         H0=73.27 dchi2=3.51 kappa0_6=1.94e+05 kappaP_6=-4.86e+05
[16:14:41] [INFO]   cepheid_offset_plus_metallicity     raw_sigma2         H0=73.31 dchi2=0.31 kappa0_6=-7.03e+04 kappaZ_6=3.52e+05
[16:14:41] [INFO]   sn_offset                           raw_sigma2         H0=73.65 dchi2=0.54 kappaSN_6=1.78e+05
[16:14:41] [INFO]   cepheid_plus_sn                     raw_sigma2         H0=73.81 dchi2=0.81 kappaSN_6=3.78e+05 kappaCep_6=2.00e+05
[16:14:41] [INFO]   cepheid_offset                      raw_sigma2         H0=73.65 dchi2=0.54 kappa0_6=-1.78e+05
[16:14:41] [INFO]   cepheid_period                      raw_sigma2         H0=74.09 dchi2=2.71 kappaP_6=-4.80e+05
[16:14:41] [INFO]   cepheid_offset_plus_period          raw_sigma2         H0=73.55 dchi2=3.81 kappa0_6=4.42e+05 kappaP_6=-9.15e+05
[16:14:41] [INFO]   cepheid_offset_plus_metallicity     raw_sigma2         H0=73.59 dchi2=0.56 kappa0_6=-1.73e+05 kappaZ_6=-1.04e+05
[16:14:41] [INFO]   sn_offset                           raw_sigma2         H0=73.65 dchi2=0.54 kappaSN_6=1.78e+05
[16:14:41] [INFO]   cepheid_plus_sn                     raw_sigma2         H0=73.65 dchi2=0.54 kappaSN_6=-4.70e+07 kappaCep_6=-4.72e+07
[16:14:41] [INFO]   cepheid_offset                      unscreened_centered H0=73.12 dchi2=0.10 kappa0_6=-6.67e+04
[16:14:41] [INFO]   cepheid_period                      unscreened_centered H0=73.60 dchi2=2.92 kappaP_6=-3.69e+05
[16:14:41] [INFO]   cepheid_offset_plus_period          unscreened_centered H0=73.53 dchi2=3.47 kappa0_6=1.88e+05 kappaP_6=-4.75e+05
[16:14:41] [INFO]   cepheid_offset_plus_metallicity     unscreened_centered H0=73.19 dchi2=0.26 kappa0_6=-6.22e+04 kappaZ_6=3.05e+05
[16:14:41] [INFO]   sn_offset                           unscreened_centered H0=73.14 dchi2=0.54 kappaSN_6=1.78e+05
[16:14:41] [INFO]   cepheid_plus_sn                     unscreened_centered H0=72.96 dchi2=0.94 kappaSN_6=4.38e+05 kappaCep_6=2.62e+05
[16:14:41] [INFO]   cepheid_offset                      unscreened_centered H0=73.14 dchi2=0.54 kappa0_6=-1.78e+05
[16:14:41] [INFO]   cepheid_period                      unscreened_centered H0=73.10 dchi2=0.21 kappaP_6=-1.52e+05
[16:14:41] [INFO]   cepheid_offset_plus_period          unscreened_centered H0=73.11 dchi2=0.80 kappa0_6=-4.43e+05 kappaP_6=3.97e+05
[16:14:41] [INFO]   cepheid_offset_plus_metallicity     unscreened_centered H0=73.17 dchi2=1.83 kappa0_6=-2.41e+05 kappaZ_6=1.65e+06
[16:14:41] [INFO]   sn_offset                           unscreened_centered H0=73.14 dchi2=0.54 kappaSN_6=1.78e+05
[16:14:41] [INFO]   cepheid_plus_sn                     unscreened_centered H0=73.14 dchi2=0.54 kappaSN_6=-1.58e+07 kappaCep_6=-1.60e+07
[16:14:41] [INFO] Leave-One-Host-Out Diagnostic
[16:14:51] [SUCCESS] Saved leave-one-host-out to /Users/matthewsmawfield/www/Temporal Equivalence Principle/TEP-H0/results/outputs/step_34_leave_one_host_out.csv
[16:14:51] [INFO] Hosts with largest kappa influence:
[16:14:51] [INFO]   N976A      sigma= 212.7 kappa=   8.381e+04 +/-    2.397e+05
[16:14:51] [INFO]   N1365      sigma= 135.9 kappa=   6.260e+04 +/-    2.165e+05
[16:14:51] [INFO]   N3147      sigma= 223.4 kappa=  -1.779e+05 +/-    2.429e+05
[16:14:51] [INFO]   LMC        sigma=  18.4 kappa=  -1.367e+05 +/-    2.393e+05
[16:14:51] [INFO]   M101       sigma=  24.3 kappa=  -1.320e+05 +/-    2.158e+05
[16:14:51] [INFO] Residual-After-Fit Audit
[16:14:51] [INFO] Baseline residual-sigma: r=0.443, rho=0.041
[16:14:51] [INFO] TEP residual-sigma:      r=0.409, rho=0.004
[16:14:51] [SUCCESS] ✓ TEP fit reduces residual-sigma correlation
[16:14:51] [SUCCESS] Saved residual audit to /Users/matthewsmawfield/www/Temporal Equivalence Principle/TEP-H0/results/outputs/step_34_residual_after_fit.csv
[16:14:51] [INFO] Host Covariate Table (B)
[16:14:51] [INFO] Host-level correlations:
[16:14:51] [INFO]   r(sigma, mean period term         ) = +0.202 (p=0.2939)
[16:14:51] [INFO]   r(sigma, mean period contrib      ) = -0.202 (p=0.2939)
[16:14:51] [INFO]   r(sigma, mean Z term              ) = +0.531 (p=0.0031)
[16:14:51] [INFO]   r(sigma, mean Z contrib           ) = -0.531 (p=0.0031)
[16:14:51] [INFO]   r(sigma, fraction logP > 1.5      ) = n/a
[16:14:51] [INFO] ---
[16:14:51] [INFO]   r(H0, mean period term         ) = +0.279 (p=0.1428)
[16:14:51] [INFO]   r(H0, mean period contrib      ) = -0.279 (p=0.1428)
[16:14:51] [INFO]   r(H0, mean Z term              ) = +0.323 (p=0.0875)
[16:14:51] [INFO]   r(H0, mean Z contrib           ) = -0.323 (p=0.0875)
[16:14:51] [INFO]   r(H0, fraction logP > 1.5      ) = n/a
[16:14:51] [SUCCESS] Saved host covariate table to /Users/matthewsmawfield/www/Temporal Equivalence Principle/TEP-H0/results/outputs/step_34_host_covariate_table.csv
[16:14:51] [INFO] Nested Absorption Test (P6) — Decomposition
[16:14:52] [INFO]   full_baseline       : r=+0.466 rho=+0.517 dH0= +7.86  (Full baseline (mu_i + all corrections))
[16:14:52] [INFO]   no_period           : r=+0.402 rho=+0.398 dH0=+12.27  (Remove period correction)
[16:14:52] [INFO]   no_Z                : r=+0.507 rho=+0.557 dH0= +8.61  (Remove metallicity correction)
[16:14:52] [INFO]   no_PZ               : r=+0.428 rho=+0.434 dH0=+13.07  (Remove period + metallicity)
[16:14:52] [INFO]   → Removing period correction weakens the H0-sigma trend
[16:14:52] [INFO]   → Period distribution contributes to the apparent trend
[16:14:52] [INFO]   → Removing metallicity correction strengthens the H0-sigma trend
[16:14:52] [INFO]   → Z_W was suppressing an environmental signal
[16:14:52] [SUCCESS] Saved nested absorption test to /Users/matthewsmawfield/www/Temporal Equivalence Principle/TEP-H0/results/outputs/step_34_nested_absorption_test.csv
[16:14:52] [INFO] SN-Channel Scope Validation (C)
[16:14:52] [INFO] SN calibrator rows total:           77
[16:14:52] [INFO] SN calibrator rows with X_SN != 0:  77
[16:14:52] [INFO] SN Hubble rows total:               0
[16:14:52] [INFO] SN Hubble rows with X_SN != 0:      0
[16:14:52] [INFO] TEP–Metallicity Disentanglement (A)
[16:14:53] [INFO]   Orthogonalization: X = +4.815e-02 + +3.364e-01 * Z_mean
[16:14:53] [INFO]   r(host_X, host_Z_mean) = +0.402
[16:14:53] [INFO] Disentanglement Results:
[16:14:53] [INFO] Model                     n_par     H0       chi2    dchi2       kappa0   sig0       kappaZ   sigZ
[16:14:53] [INFO]   1_baseline                 46  73.04    3552.71    +0.00          n/a    n/a          n/a    n/a
[16:14:53] [INFO]   2_noZ_plus_TEP             46  73.00    3575.18   -22.48    +1.41e+05    0.7          n/a    n/a
[16:14:53] [INFO]   3_baseline_plus_TEP        47  73.12    3552.61    +0.10    -6.67e+04    0.3          n/a    n/a
[16:14:53] [INFO]   4_baseline_TEP_Zint        48  73.19    3552.45    +0.26    -6.22e+04    0.3    +3.05e+05    0.4
[16:14:53] [INFO]   6_orthogonalized_TEP       47  72.99    3552.59    +0.11    -8.16e+04    0.3          n/a    n/a
[16:14:53] [SUCCESS] Saved disentanglement results to /Users/matthewsmawfield/www/Temporal Equivalence Principle/TEP-H0/results/outputs/step_34_tep_metallicity_disentanglement.csv
[16:14:53] [INFO] Generating Comparison Table...
[16:14:53] [SUCCESS] Saved comparison table to /Users/matthewsmawfield/www/Temporal Equivalence Principle/TEP-H0/results/outputs/step_34_ladder_likelihood_comparison.csv
[16:14:53] [INFO] Full-Ladder Likelihood Comparison
[16:14:53] [INFO] +----------------------------------+-------------------+--------------------+---------------------+-------------------+--------------------+--------------------+------+--------------------+------------------------+------------------------------------------------+
[16:14:53] [INFO] | model                            | kappa_Cep         | kappa_err          | kappa_significance  | H0                | H0_err             | chi2               | dof  | chi2_reduced       | delta_chi2_vs_baseline | notes                                          |
[16:14:53] [INFO] +----------------------------------+-------------------+--------------------+---------------------+-------------------+--------------------+--------------------+------+--------------------+------------------------+------------------------------------------------+
[16:14:53] [INFO] | Baseline SH0ES                   | 0.0               | 0.0                | 0                   | 73.04342157542929 | 1.007156253817851  | 3552.706270469551  | 3444 | 1.031563957743772  | 0                      | Standard SH0ES                                 |
[16:14:53] [INFO] | TEP Summary Likelihood (Stage 1) | 2750371.073096385 | 109848.63318825123 | 25.037826992193736  | —                 | —                  | 20927.510621042748 | 36   | 581.3197394734096  | —                      | Discarded: model broken                        |
[16:14:53] [INFO] | Variant A: Free kappa            | -66654.760951057  | 210262.0380227695  | 0.31700806088371924 | 73.12247467084623 | —                  | 3552.6057763588933 | 3443 | 1.0318343817481537 | —                      | kappa=-6.7e4+/-2.1e5 (0.3sigma; opposite sign) |
[16:14:53] [INFO] | Variant B: Prior kappa           | 155609.1205227623 | 186115.36388053637 | —                   | 72.8592003754001  | 1.0284353863103732 | 3553.723195353236  | 3443 | 1.0321589298150555 | —                      | Prior dominates                                |
[16:14:53] [INFO] | Variant C: Fixed kappa           | 960000.0          | 0.0                | —                   | 71.91428764124927 | 0.9915872363939752 | 3576.4469215020545 | 3444 | 1.0384572942805037 | 23.740651032503592     | Sensitivity test only                          |
[16:14:53] [INFO] +----------------------------------+-------------------+--------------------+---------------------+-------------------+--------------------+--------------------+------+--------------------+------------------------+------------------------------------------------+
[16:14:53] [SUCCESS] Saved results to /Users/matthewsmawfield/www/Temporal Equivalence Principle/TEP-H0/results/outputs/step_34_full_ladder_likelihood_results.json
[16:14:53] [SUCCESS] Full-Ladder Likelihood Analysis Complete
