[01:41:22] [INFO] Step 1 (Pre-flight): Preparing Host Coordinates...
[01:41:22] [INFO] Reconstructing SH0ES Cepheid Catalog...
[01:41:22] [INFO] Catalog Reconstruction Verification:
[01:41:22] [INFO] SH0ES Cepheid Sample (First 3)
[01:41:22] [INFO] +--------+------------+-------------+------------+
[01:41:22] [INFO] | Source | Data (mag) | Period Term | Metal Term |
[01:41:22] [INFO] +--------+------------+-------------+------------+
[01:41:22] [INFO] | M101   | 23.691     | -0.164      | 0.053      |
[01:41:22] [INFO] | M101   | 22.955     | -0.163      | 0.089      |
[01:41:22] [INFO] | M101   | 23.535     | -0.157      | 0.089      |
[01:41:22] [INFO] +--------+------------+-------------+------------+
[01:41:22] [SUCCESS] Saved reconstructed catalog with 3130 Cepheids to /Users/matthewsmawfield/www/Temporal Equivalence Principle/TEP-H0/data/interim/reconstructed_shoes_cepheids.csv
[01:41:22] [INFO] Using existing coordinates file.
[01:41:22] [INFO] 
[01:41:22] [INFO] ================================================================================
[01:41:22] [INFO]    Starting Step 1: Data Ingestion
[01:41:22] [INFO] ================================================================================
[01:41:22] [INFO] 
[01:41:22] [INFO] Reconstructing SH0ES Cepheid Catalog...
[01:41:22] [INFO] Catalog Reconstruction Verification:
[01:41:22] [INFO] SH0ES Cepheid Sample (First 3)
[01:41:22] [INFO] +--------+------------+-------------+------------+
[01:41:22] [INFO] | Source | Data (mag) | Period Term | Metal Term |
[01:41:22] [INFO] +--------+------------+-------------+------------+
[01:41:22] [INFO] | M101   | 23.691     | -0.164      | 0.053      |
[01:41:22] [INFO] | M101   | 22.955     | -0.163      | 0.089      |
[01:41:22] [INFO] | M101   | 23.535     | -0.157      | 0.089      |
[01:41:22] [INFO] +--------+------------+-------------+------------+
[01:41:22] [SUCCESS] Saved reconstructed catalog with 3130 Cepheids to /Users/matthewsmawfield/www/Temporal Equivalence Principle/TEP-H0/data/interim/reconstructed_shoes_cepheids.csv
[01:41:22] [INFO] Calculating R22 Distances (GLS Solution)...
[01:41:23] [INFO] Solving GLS system: 3490 observations, 46 parameters
[01:41:23] [SUCCESS] Saved mu covariance matrix to /Users/matthewsmawfield/www/Temporal Equivalence Principle/TEP-H0/data/interim/r22_mu_covariance.npy
[01:41:23] [SUCCESS] Saved mu covariance labels to /Users/matthewsmawfield/www/Temporal Equivalence Principle/TEP-H0/data/interim/r22_mu_covariance_labels.json
[01:41:23] [INFO] Recovered Distance Moduli
[01:41:23] [INFO] +---------+-----------------------+--------+
[01:41:23] [INFO] | Host ID | Distance Modulus (mu) | Error  |
[01:41:23] [INFO] +---------+-----------------------+--------+
[01:41:23] [INFO] | M101    | 29.1595               | 0.0388 |
[01:41:23] [INFO] | M1337   | 32.9156               | 0.0821 |
[01:41:23] [INFO] | N0691   | 32.8222               | 0.0877 |
[01:41:23] [INFO] +---------+-----------------------+--------+
[01:41:23] [SUCCESS] Saved 40 distances to /Users/matthewsmawfield/www/Temporal Equivalence Principle/TEP-H0/data/interim/r22_distances.csv
[01:41:23] [INFO] Using existing coordinates file.
[01:41:23] [INFO] Checking for Pantheon+ Supernova Catalog...
[01:41:23] [INFO] Pantheon+ dataset already exists locally.
[01:41:23] [INFO] Cross-Matching & Property Enrichment...
[01:41:23] [INFO] Matched 37 R22 SN hosts to Pantheon+ by explicit SN identifier.
[01:41:23] [INFO] Loaded 41 catalog kinematic scales: /Users/matthewsmawfield/www/Temporal Equivalence Principle/TEP-H0/data/raw/external/velocity_dispersions_literature.csv
[01:41:23] [INFO] Found catalog kinematic scales for 42/42 hosts.
[01:41:23] [INFO] Processed Host Properties (Top 5)
[01:41:23] [INFO] +----------+---------+---------+--------------+
[01:41:23] [INFO] | Host     | z_HD    | LogMass | Sigma (km/s) |
[01:41:23] [INFO] +----------+---------+---------+--------------+
[01:41:23] [INFO] | LMC      | -       | -       | 24.0         |
[01:41:23] [INFO] | LMC      | -       | -       | 24.0         |
[01:41:23] [INFO] | M 101    | 0.00122 | 10.68   | 28.0         |
[01:41:23] [INFO] | Mrk 1337 | 0.00925 | 9.55    | 94.0         |
[01:41:23] [INFO] | M 31     | -       | -       | 160.0        |
[01:41:23] [INFO] +----------+---------+---------+--------------+
[01:41:23] [SUCCESS] Processed 42 hosts. Found Sigma for 42 hosts.
[01:41:23] [SUCCESS] Saved processed host data to /Users/matthewsmawfield/www/Temporal Equivalence Principle/TEP-H0/data/processed/hosts_processed.csv
[01:41:23] [SUCCESS] Step 1 Complete.
