[11:56:19] [INFO] ============================================================
[11:56:19] [INFO] Step 12: Cross-channel consistency
[11:56:19] [INFO] The definitive TEP framework test
[11:56:19] [INFO] ============================================================
[11:56:20] [INFO] Cepheid host-only: kappa = 1.605e+06 +/- 1.164e+06
[11:56:20] [INFO] TRGB:  kappa = 2.986e+06 +/- 1.785e+06 (N=18)
[11:56:20] [INFO] TRGB raw delta_mu-sigma slope: -0.0060 +/- 0.0036 (t=-1.67)
[11:56:20] [INFO] Differential: kappa_diff = 7.246e+05 +/- 4.168e+05 (N=16)
[11:56:20] [INFO] Joint chi2 = 4.36 / 4 (p = 0.359)
[11:56:20] [SUCCESS] Results saved to /Users/matthewsmawfield/www/Temporal Equivalence Principle/TEP-H0/results/outputs/step_29_cross_channel_consistency.json
[11:56:20] [INFO] 
--- CROSS-CHANNEL SUMMARY ---
[11:56:20] [INFO] +-------------------+-----------+-----------+
[11:56:20] [INFO] | Quantity          | Value     | Error     |
[11:56:20] [INFO] +-------------------+-----------+-----------+
[11:56:20] [INFO] | kappa_Cep (host)  | 1.605e+06 | 1.164e+06 |
[11:56:20] [INFO] | kappa_Cep (joint) | 1.605e+06 | 6.081e+05 |
[11:56:20] [INFO] | kappa_TRGB        | 2.986e+06 | 1.785e+06 |
[11:56:20] [INFO] | kappa_diff        | 7.246e+05 | 4.168e+05 |
[11:56:20] [INFO] | Joint chi2        | 4.36      | p=0.359   |
[11:56:20] [INFO] +-------------------+-----------+-----------+
[11:56:20] [INFO] ============================================================
[11:56:20] [INFO] STEP 12 COMPLETE
[11:56:20] [INFO] ============================================================
