[01:47:36] [INFO] ======================================================================
[01:47:36] [INFO] Step 5b: M31 radial shear-suppression model
[01:47:36] [INFO] ======================================================================
[01:47:36] [PROCESS] Fetching M31 Cepheid data (Kodric et al. 2018)...
[01:47:36] [SUCCESS] Retrieved 5356 Cepheids.
[01:47:36] [PROCESS] Fetching HST/PHAT catalog for cross-match (J/ApJ/864/59)...
[01:47:36] [SUCCESS] Cross-matched 302 HST Cepheids (2 arcsec tol).
[01:47:36] [INFO] Sample after cuts: N = 1917
[01:47:36] [INFO] Radial range: 0.6 - 93.5 kpc
[01:47:36] [INFO] Density range: 0.0000 - 3.1221 M_sun/pc^3
[01:47:36] [INFO] Suppression range: 0.025 - 1.000
[01:47:36] [INFO] Model Comparison (Lower AIC = Better)
[01:47:36] [INFO] +----------------+---+---------+---------+-------+-------+
[01:47:36] [INFO] | Model          | k | chi2    | AIC     | ΔAIC  | w     |
[01:47:36] [INFO] +----------------+---+---------+---------+-------+-------+
[01:47:36] [INFO] | A (Null)       | 2 | 4050.85 | 4054.85 | 11.72 | 0.003 |
[01:47:36] [INFO] | B (Step)       | 3 | 4037.13 | 4043.13 | 0.00  | 0.995 |
[01:47:36] [INFO] | C (Continuous) | 3 | 4049.88 | 4055.88 | 12.75 | 0.002 |
[01:47:36] [INFO] +----------------+---+---------+---------+-------+-------+
[01:47:36] [PROCESS] Generating radial suppression figure...
[01:47:36] [SUCCESS] Saved results to /Users/matthewsmawfield/www/Temporal Equivalence Principle/TEP-H0/results/outputs/step_11_m31_radial_suppression.json
[01:47:36] [SUCCESS] Step 5b Complete.
